Product: MDK-ARM Standard 5.10
Component: ARM Compiler 5.04 update 1 (build 49)
Tool: armlink [5040049]

==============================================================================

Section Cross References

    main.o(i.EXTI0_IRQHandler) refers to stm32f10x_exti.o(i.EXTI_GetITStatus) for EXTI_GetITStatus
    main.o(i.EXTI0_IRQHandler) refers to stm32f10x_gpio.o(i.GPIO_ReadInputDataBit) for GPIO_ReadInputDataBit
    main.o(i.EXTI0_IRQHandler) refers to cfcmple.o(.text) for __aeabi_cfcmpeq
    main.o(i.EXTI0_IRQHandler) refers to ecompass.o(i.AccelrationXYZ) for AccelrationXYZ
    main.o(i.EXTI0_IRQHandler) refers to stm32f10x_exti.o(i.EXTI_ClearITPendingBit) for EXTI_ClearITPendingBit
    main.o(i.EXTI0_IRQHandler) refers to main.o(.bss) for ioRead
    main.o(i.EXTI15_10_IRQHandler) refers to stm32f10x_exti.o(i.EXTI_GetITStatus) for EXTI_GetITStatus
    main.o(i.EXTI15_10_IRQHandler) refers to mcu_io.o(i.USART_SendData_s) for USART_SendData_s
    main.o(i.EXTI15_10_IRQHandler) refers to stm32f10x_exti.o(i.EXTI_ClearITPendingBit) for EXTI_ClearITPendingBit
    main.o(i.EXTI15_10_IRQHandler) refers to main.o(.bss) for gsmComm
    main.o(i.EXTI4_IRQHandler) refers to stm32f10x_exti.o(i.EXTI_GetITStatus) for EXTI_GetITStatus
    main.o(i.EXTI4_IRQHandler) refers to stm32f10x_gpio.o(i.GPIO_ReadInputDataBit) for GPIO_ReadInputDataBit
    main.o(i.EXTI4_IRQHandler) refers to mcu_io.o(i.USART_SendData_s) for USART_SendData_s
    main.o(i.EXTI4_IRQHandler) refers to stm32f10x_exti.o(i.EXTI_ClearITPendingBit) for EXTI_ClearITPendingBit
    main.o(i.EXTI4_IRQHandler) refers to main.o(.bss) for ioRead
    main.o(i.EXTI9_5_IRQHandler) refers to stm32f10x_exti.o(i.EXTI_GetITStatus) for EXTI_GetITStatus
    main.o(i.EXTI9_5_IRQHandler) refers to stm32f10x_gpio.o(i.GPIO_ReadInputDataBit) for GPIO_ReadInputDataBit
    main.o(i.EXTI9_5_IRQHandler) refers to mcu_io.o(i.USART_SendData_s) for USART_SendData_s
    main.o(i.EXTI9_5_IRQHandler) refers to stm32f10x_exti.o(i.EXTI_ClearITPendingBit) for EXTI_ClearITPendingBit
    main.o(i.EXTI9_5_IRQHandler) refers to main.o(.bss) for states
    main.o(i.GetLSIFrequency) refers to stm32f10x_rcc.o(i.RCC_LSICmd) for RCC_LSICmd
    main.o(i.GetLSIFrequency) refers to stm32f10x_rcc.o(i.RCC_GetFlagStatus) for RCC_GetFlagStatus
    main.o(i.GetLSIFrequency) refers to stm32f10x_rcc.o(i.RCC_APB1PeriphClockCmd) for RCC_APB1PeriphClockCmd
    main.o(i.GetLSIFrequency) refers to misc.o(i.NVIC_Init) for NVIC_Init
    main.o(i.GetLSIFrequency) refers to stm32f10x_tim.o(i.TIM_PrescalerConfig) for TIM_PrescalerConfig
    main.o(i.GetLSIFrequency) refers to stm32f10x_gpio.o(i.GPIO_PinRemapConfig) for GPIO_PinRemapConfig
    main.o(i.GetLSIFrequency) refers to stm32f10x_tim.o(i.TIM_ICInit) for TIM_ICInit
    main.o(i.GetLSIFrequency) refers to stm32f10x_tim.o(i.TIM_Cmd) for TIM_Cmd
    main.o(i.GetLSIFrequency) refers to stm32f10x_tim.o(i.TIM_ITConfig) for TIM_ITConfig
    main.o(i.GetLSIFrequency) refers to stm32f10x_rcc.o(i.RCC_GetClocksFreq) for RCC_GetClocksFreq
    main.o(i.GetLSIFrequency) refers to main.o(.data) for NVIC_InitStructure
    main.o(i.GetLSIFrequency) refers to main.o(.bss) for TIM_ICInitStructure
    main.o(i.RTCAlarm_IRQHandler) refers to stm32f10x_rtc.o(i.RTC_GetITStatus) for RTC_GetITStatus
    main.o(i.RTCAlarm_IRQHandler) refers to stm32f10x_iwdg.o(i.IWDG_ReloadCounter) for IWDG_ReloadCounter
    main.o(i.RTCAlarm_IRQHandler) refers to tracker_misc.o(i.SleepModeAlgo) for SleepModeAlgo
    main.o(i.RTCAlarm_IRQHandler) refers to stm32f10x_exti.o(i.EXTI_ClearITPendingBit) for EXTI_ClearITPendingBit
    main.o(i.RTCAlarm_IRQHandler) refers to stm32f10x_pwr.o(i.PWR_GetFlagStatus) for PWR_GetFlagStatus
    main.o(i.RTCAlarm_IRQHandler) refers to stm32f10x_pwr.o(i.PWR_ClearFlag) for PWR_ClearFlag
    main.o(i.RTCAlarm_IRQHandler) refers to stm32f10x_rtc.o(i.RTC_WaitForLastTask) for RTC_WaitForLastTask
    main.o(i.RTCAlarm_IRQHandler) refers to stm32f10x_rtc.o(i.RTC_ClearITPendingBit) for RTC_ClearITPendingBit
    main.o(i.RTCAlarm_IRQHandler) refers to stm32f10x_rtc.o(i.RTC_GetCounter) for RTC_GetCounter
    main.o(i.RTCAlarm_IRQHandler) refers to stm32f10x_rtc.o(i.RTC_SetAlarm) for RTC_SetAlarm
    main.o(i.RTCAlarm_IRQHandler) refers to mcu_io.o(i.USART_SendData_s) for USART_SendData_s
    main.o(i.RTC_Config) refers to stm32f10x_rcc.o(i.RCC_APB1PeriphClockCmd) for RCC_APB1PeriphClockCmd
    main.o(i.RTC_Config) refers to stm32f10x_exti.o(i.EXTI_ClearITPendingBit) for EXTI_ClearITPendingBit
    main.o(i.RTC_Config) refers to stm32f10x_exti.o(i.EXTI_Init) for EXTI_Init
    main.o(i.RTC_Config) refers to stm32f10x_pwr.o(i.PWR_BackupAccessCmd) for PWR_BackupAccessCmd
    main.o(i.RTC_Config) refers to stm32f10x_bkp.o(i.BKP_DeInit) for BKP_DeInit
    main.o(i.RTC_Config) refers to stm32f10x_rcc.o(i.RCC_LSEConfig) for RCC_LSEConfig
    main.o(i.RTC_Config) refers to stm32f10x_rcc.o(i.RCC_GetFlagStatus) for RCC_GetFlagStatus
[...]
    AIO2Hys                                  0x080055c5   Thumb Code   414  tracker_misc.o(i.AIO2Hys)
    AIO_StateMachine                         0x0800577d   Thumb Code   460  tracker_misc.o(i.AIO_StateMachine)
    APNSettings                              0x0800597d   Thumb Code   250  gsm.o(i.APNSettings)
    Accelerometer_Test                       0x08005aa9   Thumb Code    62  ecompass.o(i.Accelerometer_Test)
    AccelrationXYZ                           0x08005b4d   Thumb Code   394  ecompass.o(i.AccelrationXYZ)
    AnyMotionCriteriaSet                     0x08005d01   Thumb Code    44  ecompass.o(i.AnyMotionCriteriaSet)
    AppendToBuffer                           0x08005d45   Thumb Code    32  configuration.o(i.AppendToBuffer)
    BKP_DeInit                               0x08005d75   Thumb Code    16  stm32f10x_bkp.o(i.BKP_DeInit)
    BMA_ReadByte                             0x08005d85   Thumb Code    10  ecompass.o(i.BMA_ReadByte)
    BMA_SendByte                             0x08005d91   Thumb Code    50  ecompass.o(i.BMA_SendByte)
    BMC_ByteRead                             0x08005dc9   Thumb Code    42  ecompass.o(i.BMC_ByteRead)
    BMC_ByteWrite                            0x08005df9   Thumb Code    42  ecompass.o(i.BMC_ByteWrite)
    BMC_init                                 0x08005e29   Thumb Code    90  ecompass.o(i.BMC_init)
    BusFault_Handler                         0x08005e83   Thumb Code     4  stm32f10x_it.o(i.BusFault_Handler)
    COM_Init                                 0x08005e89   Thumb Code   234  mcu_io.o(i.COM_Init)
    CheckCallStatus                          0x08005fa9   Thumb Code    70  gsm.o(i.CheckCallStatus)
    Command_FTP_Get                          0x08006015   Thumb Code   110  gsm.o(i.Command_FTP_Get)
    Command_Send_Connect_Get                 0x080060b9   Thumb Code   104  gsm.o(i.Command_Send_Connect_Get)
    Command_Send_FTPConnect_Get              0x0800614d   Thumb Code    68  gsm.o(i.Command_Send_FTPConnect_Get)
    Command_Send_Network_Get                 0x08006279   Thumb Code   106  gsm.o(i.Command_Send_Network_Get)
    Command_Send_SATE_FTP_Get                0x08006471   Thumb Code    94  gsm.o(i.Command_Send_SATE_FTP_Get)
    Command_Send_SATE_Get                    0x0800650d   Thumb Code    86  gsm.o(i.Command_Send_SATE_Get)
    Command_Send_SEND_Get                    0x08006599   Thumb Code   106  gsm.o(i.Command_Send_SEND_Get)
    ConfigReplyReady                         0x0800661d   Thumb Code    48  configuration.o(i.ConfigReplyReady)
    Config_FactorySettings_SIM1              0x08006655   Thumb Code   246  configuration.o(i.Config_FactorySettings_SIM1)
    Config_FactorySettings_SIM1_SIM2         0x080067bd   Thumb Code  1458  configuration.o(i.Config_FactorySettings_SIM1_SIM2)
    Config_FactorySettings_SIM2              0x08006d89   Thumb Code   246  configuration.o(i.Config_FactorySettings_SIM2)
    Config_Settings_Request_Process          0x08006ef1   Thumb Code 15320  configuration.o(i.Config_Settings_Request_Process)
    DIO1Hys                                  0x0800aadd   Thumb Code   222  tracker_misc.o(i.DIO1Hys)
    DIO2Hys                                  0x0800abd9   Thumb Code   222  tracker_misc.o(i.DIO2Hys)
    DIO3Hys                                  0x0800acd5   Thumb Code   222  tracker_misc.o(i.DIO3Hys)
    DIO_StateMachine                         0x0800add1   Thumb Code  2110  tracker_misc.o(i.DIO_StateMachine)
    DMA1_Channel3_IRQHandler                 0x0800b621   Thumb Code    78  eeprom.o(i.DMA1_Channel3_IRQHandler)
    DMA_ClearITPendingBit                    0x0800b67d   Thumb Code    18  stm32f10x_dma.o(i.DMA_ClearITPendingBit)
    DMA_Cmd                                  0x0800b699   Thumb Code    24  stm32f10x_dma.o(i.DMA_Cmd)
    DMA_DeInit                               0x0800b6b1   Thumb Code   324  stm32f10x_dma.o(i.DMA_DeInit)
    DMA_GetITStatus                          0x0800b7fd   Thumb Code    36  stm32f10x_dma.o(i.DMA_GetITStatus)
    DMA_ITConfig                             0x0800b829   Thumb Code    18  stm32f10x_dma.o(i.DMA_ITConfig)
    DMA_Init                                 0x0800b83b   Thumb Code    60  stm32f10x_dma.o(i.DMA_Init)
    DataRecoveryHandler                      0x0800b879   Thumb Code   268  tracker_misc.o(i.DataRecoveryHandler)
    DataStringHandler                        0x0800b9f1   Thumb Code    58  tracker_misc.o(i.DataStringHandler)
    DebugMon_Handler                         0x0800ba39   Thumb Code     2  stm32f10x_it.o(i.DebugMon_Handler)
    Delay                                    0x0800ba3b   Thumb Code    18  global_defines.o(i.Delay)
    Delay_ms                                 0x0800ba4d   Thumb Code    20  global_defines.o(i.Delay_ms)
    Delay_viaCounter                         0x0800ba65   Thumb Code    60  global_defines.o(i.Delay_viaCounter)
    EEPROM_I2C_SQ_Read                       0x0800baa1   Thumb Code    84  eeprom.o(i.EEPROM_I2C_SQ_Read)
    EEPROM_I2C_SQ_Write                      0x0800baf9   Thumb Code   108  eeprom.o(i.EEPROM_I2C_SQ_Write)
    EEPROM_Read_Module                       0x0800bb65   Thumb Code   276  eeprom.o(i.EEPROM_Read_Module)
    EEPROM_SendByte                          0x0800bc85   Thumb Code    50  eeprom.o(i.EEPROM_SendByte)
    EEPROM_WaitForWriteEnd                   0x0800bcbd   Thumb Code    66  eeprom.o(i.EEPROM_WaitForWriteEnd)
    EEPROM_WriteEnable                       0x0800bd21   Thumb Code    26  eeprom.o(i.EEPROM_WriteEnable)
    EEPROM_WritePage                         0x0800bd41   Thumb Code    82  eeprom.o(i.EEPROM_WritePage)
    EEPROM_Write_Module                      0x0800bd99   Thumb Code   246  eeprom.o(i.EEPROM_Write_Module)
    EXTI0_IRQHandler                         0x0800bea1   Thumb Code   144  main.o(i.EXTI0_IRQHandler)
    EXTI15_10_IRQHandler                     0x0800bf41   Thumb Code    36  main.o(i.EXTI15_10_IRQHandler)
    EXTI4_IRQHandler                         0x0800bf7d   Thumb Code    48  main.o(i.EXTI4_IRQHandler)
    EXTI9_5_IRQHandler                       0x0800bfc1   Thumb Code    50  main.o(i.EXTI9_5_IRQHandler)
    EXTI_ClearITPendingBit                   0x0800c009   Thumb Code     6  stm32f10x_exti.o(i.EXTI_ClearITPendingBit)
    EXTI_GetITStatus                         0x0800c015   Thumb Code    34  stm32f10x_exti.o(i.EXTI_GetITStatus)
    EXTI_Init                                0x0800c03d   Thumb Code   142  stm32f10x_exti.o(i.EXTI_Init)
    Extension_Formatter                      0x0800c0d1   Thumb Code   428  tracker_misc.o(i.Extension_Formatter)
    FTP_initialize                           0x0800c2d9   Thumb Code   290  gsm.o(i.FTP_initialize)
    Factory_Config_Read                      0x0800c481   Thumb Code  3276  configuration.o(i.Factory_Config_Read)
    Factory_Config_Write                     0x0800d14d   Thumb Code  3626  configuration.o(i.Factory_Config_Write)
    GPIO_DeInit                              0x0800e0f9   Thumb Code   172  stm32f10x_gpio.o(i.GPIO_DeInit)
    GPIO_EXTILineConfig                      0x0800e1c1   Thumb Code    60  stm32f10x_gpio.o(i.GPIO_EXTILineConfig)
    GPIO_EXTI_Init                           0x0800e201   Thumb Code   442  mcu_io.o(i.GPIO_EXTI_Init)
    GPIO_Init                                0x0800e3d9   Thumb Code   278  stm32f10x_gpio.o(i.GPIO_Init)
    GPIO_PinRemapConfig                      0x0800e4f1   Thumb Code   138  stm32f10x_gpio.o(i.GPIO_PinRemapConfig)
    GPIO_ReadInputDataBit                    0x0800e581   Thumb Code    18  stm32f10x_gpio.o(i.GPIO_ReadInputDataBit)
    GPIO_ResetBits                           0x0800e593   Thumb Code     4  stm32f10x_gpio.o(i.GPIO_ResetBits)
    GPIO_SetBits                             0x0800e597   Thumb Code     4  stm32f10x_gpio.o(i.GPIO_SetBits)
    GPIO_ToggleBits                          0x0800e59b   Thumb Code     8  stm32f10x_gpio.o(i.GPIO_ToggleBits)
    GPRS_initialize                          0x0800ee45   Thumb Code   176  gsm.o(i.GPRS_initialize)
    GPRStrackingModule                       0x0800ef29   Thumb Code  3810  tracker_misc.o(i.GPRStrackingModule)
    GPS_Controller                           0x0800ff29   Thumb Code   668  gps.o(i.GPS_Controller)
    GPS_StateMachine                         0x08010225   Thumb Code    14  tracker_misc.o(i.GPS_StateMachine)
    GSM_Init_Reset                           0x08010239   Thumb Code   558  gsm.o(i.GSM_Init_Reset)
    GSM_Network_Check                        0x08010585   Thumb Code    98  gsm.o(i.GSM_Network_Check)
    GSM_Select_SIM                           0x08010675   Thumb Code   210  gsm.o(i.GSM_Select_SIM)
    GSM_StateMachine                         0x08010781   Thumb Code   950  tracker_misc.o(i.GSM_StateMachine)
    GeoDataAppendToBuffer                    0x08010c91   Thumb Code   284  configuration.o(i.GeoDataAppendToBuffer)
    GetLSIFrequency                          0x08010ddd   Thumb Code   192  main.o(i.GetLSIFrequency)
    HardFault_Handler                        0x08010ebd   Thumb Code     4  stm32f10x_it.o(i.HardFault_Handler)
    IAP_convert_file                         0x08010ec1   Thumb Code   454  tracker_misc.o(i.IAP_convert_file)
    IWDG_Enable                              0x08012041   Thumb Code    10  stm32f10x_iwdg.o(i.IWDG_Enable)
    IWDG_ReloadCounter                       0x08012051   Thumb Code    10  stm32f10x_iwdg.o(i.IWDG_ReloadCounter)
    IWDG_SetPrescaler                        0x08012061   Thumb Code     6  stm32f10x_iwdg.o(i.IWDG_SetPrescaler)
    IWDG_SetReload                           0x0801206d   Thumb Code     6  stm32f10x_iwdg.o(i.IWDG_SetReload)
    IWDG_WriteAccessCmd                      0x08012079   Thumb Code     6  stm32f10x_iwdg.o(i.IWDG_WriteAccessCmd)
    IgnitionHys                              0x08012085   Thumb Code   168  tracker_misc.o(i.IgnitionHys)
    Ignition_module                          0x0801213d   Thumb Code   412  tracker_misc.o(i.Ignition_module)
    Init_TimeDate                            0x0801232d   Thumb Code    50  gps.o(i.Init_TimeDate)
    IsAlertOn                                0x08012369   Thumb Code    92  tracker_misc.o(i.IsAlertOn)
    MainPowerHys                             0x0801240d   Thumb Code   190  tracker_misc.o(i.MainPowerHys)
    Main_StateMachine                        0x080124ed   Thumb Code    40  tracker_misc.o(i.Main_StateMachine)
    MemManage_Handler                        0x08012515   Thumb Code     4  stm32f10x_it.o(i.MemManage_Handler)
    NMI_Handler                              0x080125d1   Thumb Code     2  stm32f10x_it.o(i.NMI_Handler)
    NVIC_Init                                0x080125d5   Thumb Code   100  misc.o(i.NVIC_Init)
    NVIC_Interrupt                           0x08012645   Thumb Code   118  mcu_io.o(i.NVIC_Interrupt)
    NVIC_PriorityGroupConfig                 0x080126c1   Thumb Code    10  misc.o(i.NVIC_PriorityGroupConfig)
    NVIC_SetVectorTable                      0x080126d5   Thumb Code    12  misc.o(i.NVIC_SetVectorTable)
    PWR_BackupAccessCmd                      0x08012731   Thumb Code     6  stm32f10x_pwr.o(i.PWR_BackupAccessCmd)
    PWR_ClearFlag                            0x0801273d   Thumb Code    14  stm32f10x_pwr.o(i.PWR_ClearFlag)
    PWR_EnterSTOPMode                        0x08012751   Thumb Code    54  stm32f10x_pwr.o(i.PWR_EnterSTOPMode)
    PWR_GetFlagStatus                        0x08012791   Thumb Code    20  stm32f10x_pwr.o(i.PWR_GetFlagStatus)
    PacketNoExtract                          0x080127a9   Thumb Code   108  tracker_misc.o(i.PacketNoExtract)
    Packet_Formatter                         0x08012819   Thumb Code   748  tracker_misc.o(i.Packet_Formatter)
    PendSV_Handler                           0x08012b5d   Thumb Code     2  stm32f10x_it.o(i.PendSV_Handler)
    RCC_AHBPeriphClockCmd                    0x08012b61   Thumb Code    26  stm32f10x_rcc.o(i.RCC_AHBPeriphClockCmd)
    RCC_APB1PeriphClockCmd                   0x08012b81   Thumb Code    26  stm32f10x_rcc.o(i.RCC_APB1PeriphClockCmd)
    RCC_APB2PeriphClockCmd                   0x08012ba1   Thumb Code    26  stm32f10x_rcc.o(i.RCC_APB2PeriphClockCmd)
    RCC_APB2PeriphResetCmd                   0x08012bc1   Thumb Code    26  stm32f10x_rcc.o(i.RCC_APB2PeriphResetCmd)
    RCC_BackupResetCmd                       0x08012be1   Thumb Code     6  stm32f10x_rcc.o(i.RCC_BackupResetCmd)
    RCC_ClearFlag                            0x08012bed   Thumb Code    14  stm32f10x_rcc.o(i.RCC_ClearFlag)
    RCC_GetClocksFreq                        0x08012c01   Thumb Code   192  stm32f10x_rcc.o(i.RCC_GetClocksFreq)
    RCC_GetFlagStatus                        0x08012cd5   Thumb Code    56  stm32f10x_rcc.o(i.RCC_GetFlagStatus)
    RCC_GetSYSCLKSource                      0x08012d11   Thumb Code    10  stm32f10x_rcc.o(i.RCC_GetSYSCLKSource)
    RCC_HSEConfig                            0x08012d21   Thumb Code    70  stm32f10x_rcc.o(i.RCC_HSEConfig)
    RCC_LSEConfig                            0x08012d6d   Thumb Code    46  stm32f10x_rcc.o(i.RCC_LSEConfig)
    RCC_LSICmd                               0x08012da1   Thumb Code     6  stm32f10x_rcc.o(i.RCC_LSICmd)
    RCC_PLLCmd                               0x08012dad   Thumb Code     6  stm32f10x_rcc.o(i.RCC_PLLCmd)
    RCC_RTCCLKCmd                            0x08012db9   Thumb Code     6  stm32f10x_rcc.o(i.RCC_RTCCLKCmd)
    RCC_RTCCLKConfig                         0x08012dc5   Thumb Code    12  stm32f10x_rcc.o(i.RCC_RTCCLKConfig)
    RCC_SYSCLKConfig                         0x08012dd5   Thumb Code    18  stm32f10x_rcc.o(i.RCC_SYSCLKConfig)
    RCC_WaitForHSEStartUp                    0x08012ded   Thumb Code    56  stm32f10x_rcc.o(i.RCC_WaitForHSEStartUp)
    RTCAlarm_IRQHandler                      0x08012e25   Thumb Code    82  main.o(i.RTCAlarm_IRQHandler)
    RTC_ClearFlag                            0x08012e85   Thumb Code    12  stm32f10x_rtc.o(i.RTC_ClearFlag)
    RTC_ClearITPendingBit                    0x08012e95   Thumb Code    12  stm32f10x_rtc.o(i.RTC_ClearITPendingBit)
    RTC_Config                               0x08012ea5   Thumb Code   192  main.o(i.RTC_Config)
    RTC_EnterConfigMode                      0x08012f6d   Thumb Code    14  stm32f10x_rtc.o(i.RTC_EnterConfigMode)
    RTC_ExitConfigMode                       0x08012f81   Thumb Code    16  stm32f10x_rtc.o(i.RTC_ExitConfigMode)
    RTC_GetCounter                           0x08012f95   Thumb Code    16  stm32f10x_rtc.o(i.RTC_GetCounter)
    RTC_GetFlagStatus                        0x08012fa9   Thumb Code    20  stm32f10x_rtc.o(i.RTC_GetFlagStatus)
    RTC_GetITStatus                          0x08012fc1   Thumb Code    32  stm32f10x_rtc.o(i.RTC_GetITStatus)
    RTC_ITConfig                             0x08012fe5   Thumb Code    26  stm32f10x_rtc.o(i.RTC_ITConfig)
    RTC_SetAlarm                             0x08013005   Thumb Code    24  stm32f10x_rtc.o(i.RTC_SetAlarm)
    RTC_SetPrescaler                         0x08013021   Thumb Code    26  stm32f10x_rtc.o(i.RTC_SetPrescaler)
    RTC_WaitForLastTask                      0x08013041   Thumb Code    16  stm32f10x_rtc.o(i.RTC_WaitForLastTask)
    RTC_WaitForSynchro                       0x08013055   Thumb Code    30  stm32f10x_rtc.o(i.RTC_WaitForSynchro)
    RequestProcessController                 0x08013079   Thumb Code    34  tracker_misc.o(i.RequestProcessController)
    SMS_Generator                            0x080130a1   Thumb Code   108  gsm.o(i.SMS_Generator)
    SMS_GeneratorAlerts                      0x08013129   Thumb Code   166  gsm.o(i.SMS_GeneratorAlerts)
    SMS_Read_module                          0x08013399   Thumb Code   326  gsm.o(i.SMS_Read_module)
    SPIBus_CS_high_low                       0x0801352d   Thumb Code    44  mcu_io.o(i.SPIBus_CS_high_low)
    SPIBus_Init                              0x08013561   Thumb Code   252  mcu_io.o(i.SPIBus_Init)
    SPI_Cmd                                  0x0801369d   Thumb Code    24  stm32f10x_spi.o(i.SPI_Cmd)
    SPI_I2S_DMACmd                           0x080136b5   Thumb Code    18  stm32f10x_spi.o(i.SPI_I2S_DMACmd)
    SPI_I2S_GetFlagStatus                    0x080136c7   Thumb Code    18  stm32f10x_spi.o(i.SPI_I2S_GetFlagStatus)
    SPI_I2S_ReceiveData                      0x080136d9   Thumb Code     6  stm32f10x_spi.o(i.SPI_I2S_ReceiveData)
    SPI_I2S_SendData                         0x080136df   Thumb Code     4  stm32f10x_spi.o(i.SPI_I2S_SendData)
    SPI_Init                                 0x080136e3   Thumb Code    60  stm32f10x_spi.o(i.SPI_Init)
    SVC_Handler                              0x0801371f   Thumb Code     2  stm32f10x_it.o(i.SVC_Handler)
    SYSCLKConfig_STOP                        0x08013721   Thumb Code    60  tracker_misc.o(i.SYSCLKConfig_STOP)
    SleepModeAlgo                            0x08013849   Thumb Code   328  tracker_misc.o(i.SleepModeAlgo)
    SleepModeController                      0x080139b9   Thumb Code   608  tracker_misc.o(i.SleepModeController)
    SleepMode_Interrupt                      0x08013cf9   Thumb Code     2  mcu_io.o(i.SleepMode_Interrupt)
    Start_Blink                              0x08013cfd   Thumb Code    74  tracker_misc.o(i.Start_Blink)
    SysTick_Handler                          0x08013d51   Thumb Code    18  stm32f10x_it.o(i.SysTick_Handler)
    SystemInit                               0x08013d69   Thumb Code    78  system_stm32f10x.o(i.SystemInit)
    System_Init                              0x08013dc9   Thumb Code    54  main.o(i.System_Init)
    TIM2_IRQHandler                          0x08014041   Thumb Code   114  main.o(i.TIM2_IRQHandler)
    TIM4_IRQHandler                          0x080140cd   Thumb Code   434  main.o(i.TIM4_IRQHandler)
    TIM5_IRQHandler                          0x0801429d   Thumb Code    76  main.o(i.TIM5_IRQHandler)
    TIM_ARRPreloadConfig                     0x080142f9   Thumb Code    24  stm32f10x_tim.o(i.TIM_ARRPreloadConfig)
    TIM_ClearITPendingBit                    0x08014311   Thumb Code     6  stm32f10x_tim.o(i.TIM_ClearITPendingBit)
    TIM_Cmd                                  0x08014317   Thumb Code    24  stm32f10x_tim.o(i.TIM_Cmd)
    TIM_GetCapture4                          0x0801432f   Thumb Code     8  stm32f10x_tim.o(i.TIM_GetCapture4)
    TIM_GetITStatus                          0x08014337   Thumb Code    34  stm32f10x_tim.o(i.TIM_GetITStatus)
    TIM_ICInit                               0x08014359   Thumb Code   150  stm32f10x_tim.o(i.TIM_ICInit)
    TIM_ITConfig                             0x08014405   Thumb Code    18  stm32f10x_tim.o(i.TIM_ITConfig)
    TIM_PrescalerConfig                      0x08014417   Thumb Code     6  stm32f10x_tim.o(i.TIM_PrescalerConfig)
    TIM_SetAutoreload                        0x0801441d   Thumb Code     4  stm32f10x_tim.o(i.TIM_SetAutoreload)
    TIM_SetCounter                           0x08014421   Thumb Code     4  stm32f10x_tim.o(i.TIM_SetCounter)
    TIM_SetIC1Prescaler                      0x08014425   Thumb Code    18  stm32f10x_tim.o(i.TIM_SetIC1Prescaler)
    TIM_SetIC2Prescaler                      0x08014437   Thumb Code    26  stm32f10x_tim.o(i.TIM_SetIC2Prescaler)
    TIM_SetIC3Prescaler                      0x08014451   Thumb Code    18  stm32f10x_tim.o(i.TIM_SetIC3Prescaler)
    TIM_SetIC4Prescaler                      0x08014463   Thumb Code    26  stm32f10x_tim.o(i.TIM_SetIC4Prescaler)
    TIM_TimeBaseInit                         0x0801447d   Thumb Code   122  stm32f10x_tim.o(i.TIM_TimeBaseInit)
    TimeComputeController                    0x08014521   Thumb Code   302  tracker_misc.o(i.TimeComputeController)
    TimeDate_Update                          0x0801466d   Thumb Code   210  gps.o(i.TimeDate_Update)
    Timer_Init                               0x0801474d   Thumb Code   178  mcu_io.o(i.Timer_Init)
    UART5_IRQHandler                         0x08014821   Thumb Code  1982  main.o(i.UART5_IRQHandler)
    USART_Cmd                                0x08015069   Thumb Code    24  stm32f10x_usart.o(i.USART_Cmd)
    USART_Get                                0x08015081   Thumb Code   100  mcu_io.o(i.USART_Get)
    USART_GetFlagStatus                      0x08015105   Thumb Code    26  stm32f10x_usart.o(i.USART_GetFlagStatus)
    USART_GetITStatus                        0x0801511f   Thumb Code    84  stm32f10x_usart.o(i.USART_GetITStatus)
    USART_ITConfig                           0x08015173   Thumb Code    74  stm32f10x_usart.o(i.USART_ITConfig)
    USART_Init                               0x080151bd   Thumb Code   210  stm32f10x_usart.o(i.USART_Init)
    USART_Put                                0x08015295   Thumb Code    56  mcu_io.o(i.USART_Put)
    USART_ReceiveData                        0x080152d1   Thumb Code    10  stm32f10x_usart.o(i.USART_ReceiveData)
    USART_SendData                           0x080152db   Thumb Code     8  stm32f10x_usart.o(i.USART_SendData)
    USART_SendData_s                         0x080152e5   Thumb Code    66  mcu_io.o(i.USART_SendData_s)
    UsageFault_Handler                       0x0801532d   Thumb Code     4  stm32f10x_it.o(i.UsageFault_Handler)
    WWDT_Init                                0x08015331   Thumb Code    84  main.o(i.WWDT_Init)
    __0sprintf                               0x080153e5   Thumb Code    34  printfa.o(i.__0sprintf)
    __1sprintf                               0x080153e5   Thumb Code     0  printfa.o(i.__0sprintf)
    __2sprintf                               0x080153e5   Thumb Code     0  printfa.o(i.__0sprintf)
    __c89sprintf                             0x080153e5   Thumb Code     0  printfa.o(i.__0sprintf)
    sprintf                                  0x080153e5   Thumb Code     0  printfa.o(i.__0sprintf)
    __ARM_fpclassify                         0x0801540d   Thumb Code    40  fpclassify.o(i.__ARM_fpclassify)
    __aeabi_errno_addr                       0x08015435   Thumb Code     4  errno.o(i.__aeabi_errno_addr)
    __rt_errno_addr                          0x08015435   Thumb Code     0  errno.o(i.__aeabi_errno_addr)
    __ieee754_rem_pio2                       0x0801543d   Thumb Code   830  rred.o(i.__ieee754_rem_pio2)
    __kernel_cos                             0x080157c5   Thumb Code   230  cos_i.o(i.__kernel_cos)
    __kernel_poly                            0x080158c1   Thumb Code   170  poly.o(i.__kernel_poly)
    __kernel_sin                             0x0801596d   Thumb Code   224  sin_i.o(i.__kernel_sin)
    __mathlib_dbl_underflow                  0x08015a59   Thumb Code    10  dunder.o(i.__mathlib_dbl_underflow)
    __scatterload_copy                       0x08015a69   Thumb Code    14  handlers.o(i.__scatterload_copy)
    __scatterload_null                       0x08015a77   Thumb Code     2  handlers.o(i.__scatterload_null)
    __scatterload_zeroinit                   0x08015a79   Thumb Code    14  handlers.o(i.__scatterload_zeroinit)
    __set_errno                              0x08015a89   Thumb Code     6  errno.o(i.__set_errno)
    _is_digit                                0x08015bf9   Thumb Code    14  scanf_fp.o(i._is_digit)
    arrayInit2Zero                           0x08016361   Thumb Code    20  global_defines.o(i.arrayInit2Zero)
    ascii_to_hex                             0x08016375   Thumb Code    98  global_defines.o(i.ascii_to_hex)
    atan                                     0x080163d9   Thumb Code   478  atan.o(i.atan)
    atan2                                    0x080165fd   Thumb Code   346  atan2.o(i.atan2)
    cos                                      0x080167e1   Thumb Code   164  cos.o(i.cos)
    dataExtractor5Comma                      0x08016b07   Thumb Code   316  configuration.o(i.dataExtractor5Comma)
    dataExtractor6Comma                      0x08016c43   Thumb Code   356  configuration.o(i.dataExtractor6Comma)
    dataExtractor7Comma                      0x08016da7   Thumb Code   402  configuration.o(i.dataExtractor7Comma)
    dataExtractor8Comma                      0x08016f39   Thumb Code   452  configuration.o(i.dataExtractor8Comma)
    dataTransmissionController               0x080170fd   Thumb Code   306  tracker_misc.o(i.dataTransmissionController)
    displaySysClocks                         0x08017285   Thumb Code   142  global_defines.o(i.displaySysClocks)
    eepromReadDouble                         0x08017549   Thumb Code    90  configuration.o(i.eepromReadDouble)
    eepromWriteDouble                        0x080175d3   Thumb Code    94  configuration.o(i.eepromWriteDouble)
    eeprom_read_byte                         0x08017665   Thumb Code    60  eeprom.o(i.eeprom_read_byte)
    eeprom_read_dword                        0x080176a5   Thumb Code    78  eeprom.o(i.eeprom_read_dword)
    eeprom_read_word                         0x080176f3   Thumb Code    42  eeprom.o(i.eeprom_read_word)
    eeprom_write_byte                        0x0801771d   Thumb Code    78  eeprom.o(i.eeprom_write_byte)
    eeprom_write_dword                       0x08017771   Thumb Code    44  eeprom.o(i.eeprom_write_dword)
    eeprom_write_word                        0x0801779d   Thumb Code    24  eeprom.o(i.eeprom_write_word)
    gFormat                                  0x08017845   Thumb Code   120  ecompass.o(i.gFormat)
    geoFencingEngine                         0x080178c9   Thumb Code  1238  gps.o(i.geoFencingEngine)
    getIMEI                                  0x08017da9   Thumb Code   242  gsm.o(i.getIMEI)
    gprsRequestProcess                       0x08017ecd   Thumb Code   214  gsm.o(i.gprsRequestProcess)
    gsmPowerOff                              0x08017fb5   Thumb Code    30  gsm.o(i.gsmPowerOff)
    gsmPowerOn                               0x08017fe9   Thumb Code    56  gsm.o(i.gsmPowerOn)
    isLeft                                   0x08018041   Thumb Code   238  gps.o(i.isLeft)
    magnetometer_Heading                     0x08018135   Thumb Code   308  ecompass.o(i.magnetometer_Heading)
    magnetometer_Heading_Convert             0x080182a9   Thumb Code    94  ecompass.o(i.magnetometer_Heading_Convert)
    main                                     0x0801830d   Thumb Code   784  main.o(i.main)
    multiByteContentRead                     0x08018759   Thumb Code    44  configuration.o(i.multiByteContentRead)
    multiByteContentWrite                    0x08018785   Thumb Code    38  configuration.o(i.multiByteContentWrite)
    pingPacketGen                            0x080187ad   Thumb Code   216  tracker_misc.o(i.pingPacketGen)
    pingPacketGen_SL_Protocol                0x080188bd   Thumb Code   172  tracker_misc.o(i.pingPacketGen_SL_Protocol)
    sFLASH_DMA_Configuration                 0x08018b91   Thumb Code   122  eeprom.o(i.sFLASH_DMA_Configuration)
    sFLASH_DMA_WritePage                     0x08018c1d   Thumb Code    54  eeprom.o(i.sFLASH_DMA_WritePage)
    sin                                      0x08018c5d   Thumb Code   166  sin.o(i.sin)
    sqrt                                     0x08018d0d   Thumb Code    76  sqrt.o(i.sqrt)
    strnlen                                  0x08018d59   Thumb Code    22  global_defines.o(i.strnlen)
    strtod                                   0x08018d6f   Thumb Code    28  strtod.o(i.strtod)
    wn_PnPoly                                0x08018d8d   Thumb Code   468  gps.o(i.wn_PnPoly)
    COM_CLK                                  0x08018f68   Data          20  mcu_io.o(.constdata)
    COM_TX_CLK                               0x08018f7c   Data          20  mcu_io.o(.constdata)
    COM_RX_CLK                               0x08018f90   Data          20  mcu_io.o(.constdata)
    COM_TX_PIN                               0x08018fa4   Data          10  mcu_io.o(.constdata)
    COM_RX_PIN                               0x08018fae   Data          10  mcu_io.o(.constdata)
    COM_TX_PINSOURCE                         0x08018fb8   Data          10  mcu_io.o(.constdata)
    COM_RX_PINSOURCE                         0x08018fc2   Data          10  mcu_io.o(.constdata)
    COM_IRQn                                 0x08018fcc   Data          10  mcu_io.o(.constdata)
    COM_BAUDRATE                             0x08018fd8   Data          20  mcu_io.o(.constdata)
    I2C_CLK                                  0x08018fec   Data           8  mcu_io.o(.constdata)
    I2C_SCL_CLK                              0x08018ff4   Data           8  mcu_io.o(.constdata)
    I2C_SDA_CLK                              0x08018ffc   Data           8  mcu_io.o(.constdata)
    I2C_SCL_PIN                              0x08019004   Data           4  mcu_io.o(.constdata)
    I2C_SDA_PIN                              0x08019008   Data           4  mcu_io.o(.constdata)
    I2C_OwnAddress                           0x0801900c   Data           2  mcu_io.o(.constdata)
    I2C_Speed                                0x08019010   Data           8  mcu_io.o(.constdata)
    I2C_IRQn                                 0x08019018   Data           4  mcu_io.o(.constdata)
    SPI_CLK                                  0x0801901c   Data          12  mcu_io.o(.constdata)
    SPI_SCK_CLK                              0x08019028   Data          12  mcu_io.o(.constdata)
    SPI_MOSI_CLK                             0x08019034   Data          12  mcu_io.o(.constdata)
    SPI_MISO_CLK                             0x08019040   Data          12  mcu_io.o(.constdata)
    SPI_CS_CLK                               0x0801904c   Data          12  mcu_io.o(.constdata)
    SPI_SCK_PIN                              0x08019058   Data           6  mcu_io.o(.constdata)
    SPI_MOSI_PIN                             0x0801905e   Data           6  mcu_io.o(.constdata)
    SPI_MISO_PIN                             0x08019064   Data           6  mcu_io.o(.constdata)
    SPI_CS_PIN                               0x0801906a   Data           6  mcu_io.o(.constdata)
    TIMER_CLK                                0x08019070   Data          12  mcu_io.o(.constdata)
    TIMER_IRQn                               0x0801907c   Data           6  mcu_io.o(.constdata)
    TIMER_AUTORELOAD                         0x08019082   Data           6  mcu_io.o(.constdata)
    cell1C                                   0x08019088   Data           9  configuration.o(.constdata)
    ipAddressC                               0x08019091   Data          15  configuration.o(.constdata)
    portC                                    0x080190a0   Data           6  configuration.o(.constdata)
    latFirst                                 0x080190a6   Data          10  configuration.o(.constdata)
    lonFirst                                 0x080190b0   Data          10  configuration.o(.constdata)
    ftpAddressC                              0x080190ba   Data          12  configuration.o(.constdata)
    ftpPortC                                 0x080190c6   Data           3  configuration.o(.constdata)
    ftpUserC                                 0x080190c9   Data          18  configuration.o(.constdata)
    ftpPassC                                 0x080190db   Data          11  configuration.o(.constdata)
    ftpPathC                                 0x080190e6   Data          10  configuration.o(.constdata)
    apnC                                     0x080190f0   Data           9  configuration.o(.constdata)
    userC                                    0x080190f9   Data           8  configuration.o(.constdata)
    passC                                    0x08019101   Data           8  configuration.o(.constdata)
    ioCOnfigC                                0x08019109   Data           7  configuration.o(.constdata)
    ignitionC                                0x08019110   Data           9  configuration.o(.constdata)
    SOSC                                     0x08019119   Data           4  configuration.o(.constdata)
    smsGPRSHEAD                              0x0801911d   Data           5  configuration.o(.constdata)
    killswitchC                              0x08019122   Data           4  configuration.o(.constdata)
    dearSt                                   0x08019126   Data          13  gsm.o(.constdata)
    infSt                                    0x08019133   Data          18  gsm.o(.constdata)
    region                                   0x08019145   Data           9  gsm.o(.constdata)
    GOOGLE_TOP                               0x0801914e   Data          41  tracker_misc.o(.constdata)
    GOOGLE_BOTTOM                            0x08019177   Data          30  tracker_misc.o(.constdata)
    isIn                                     0x08019195   Data          13  tracker_misc.o(.constdata)
    isOut                                    0x080191a2   Data          14  tracker_misc.o(.constdata)
    igOn                                     0x080191b0   Data          15  tracker_misc.o(.constdata)
    igOff                                    0x080191bf   Data          16  tracker_misc.o(.constdata)
    opened                                   0x080191cf   Data           9  tracker_misc.o(.constdata)
    closed                                   0x080191d8   Data           9  tracker_misc.o(.constdata)
    sosAler                                  0x080191e1   Data          12  tracker_misc.o(.constdata)
    __mathlib_zero                           0x080192b8   Data           8  qnan.o(.constdata)
    __ctype_table                            0x080193b0   Data         129  ctype_o.o(.constdata)
    Region$$Table$$Base                      0x08019438   Number         0  anon$$obj.o(Region$$Table)
    Region$$Table$$Limit                     0x08019458   Number         0  anon$$obj.o(Region$$Table)
    gprmsBufferIndex                         0x20000000   Data           1  main.o(.data)
    gpsTempBufferIndex                       0x20000001   Data           1  main.o(.data)
    TD                                       0x20000002   Data           8  main.o(.data)
    rxBufferIndex                            0x2000000a   Data           2  main.o(.data)
    smsRecBufferIndex                        0x2000000c   Data           2  main.o(.data)
    smsRecBufferReadIndex                    0x2000000e   Data           2  main.o(.data)
    smsFooterCounter                         0x20000010   Data           1  main.o(.data)
    smsReadBufferIndex                       0x20000012   Data           2  main.o(.data)
    noOfSmsRec                               0x20000014   Data           1  main.o(.data)
    gprsRequestBufferIndex                   0x20000016   Data           2  main.o(.data)
    DataSendStatus                           0x20000018   Data           3  main.o(.data)
    g_oneTouchDialEventFlag                  0x2000001b   Data           1  main.o(.data)
    sleepModeEnterFlag                       0x2000001c   Data           1  main.o(.data)
    sleepModeEnterClr                        0x2000001d   Data           1  main.o(.data)
    gsmErrorCounter                          0x2000001e   Data           1  main.o(.data)
    g_smsReadCounter                         0x2000001f   Data           1  main.o(.data)
    g_packetSendCounter                      0x20000020   Data           4  main.o(.data)
    g_packetSendCounterIGOff                 0x20000024   Data           4  main.o(.data)
    g_HeartbeatSendCounter                   0x20000028   Data           4  main.o(.data)
    g_SmsTrackSendCounter                    0x2000002c   Data           4  main.o(.data)
    g_watchDogCounter                        0x20000030   Data           4  main.o(.data)
    simChangeEvent                           0x20000034   Data           1  main.o(.data)
    GPIO_InitStructure                       0x20000036   Data           4  main.o(.data)
    NVIC_InitStructure                       0x2000003a   Data           4  main.o(.data)
    EXTI_InitStructure                       0x20000040   Data           8  main.o(.data)
    G_TimingDelay                            0x20000048   Data           4  main.o(.data)
    l_callVerifyLoop                         0x2000004c   Data           1  main.o(.data)
    gpsBufferLen                             0x2000004e   Data           2  main.o(.data)
    gpsTempBufferLen                         0x20000050   Data           2  main.o(.data)
    l_ackpacketno                            0x20000054   Data           4  main.o(.data)
    l_ackdelay                               0x20000058   Data           4  main.o(.data)
    configMode                               0x2000005c   Data           1  main.o(.data)
    g_byteCounter                            0x2000005d   Data           1  main.o(.data)
    gprsRxBufferLen                          0x2000005e   Data           2  main.o(.data)
    uwTimingDelay_ms                         0x20000064   Data           4  main.o(.data)
    uwCaptureNumber                          0x20000068   Data           4  main.o(.data)
    uwPeriodValue                            0x2000006c   Data           4  main.o(.data)
    tmpCC4                                   0x20000070   Data           4  main.o(.data)
    size_of_file                             0x20000074   Data           4  main.o(.data)
    file_size_index                          0x20000078   Data           1  main.o(.data)
    file_download_complete                   0x20000079   Data           1  main.o(.data)
    COM_NO                                   0x2000007c   Data          20  mcu_io.o(.data)
    COM_TX_PORT                              0x20000090   Data          20  mcu_io.o(.data)
    COM_RX_PORT                              0x200000a4   Data          20  mcu_io.o(.data)
    I2C_NO                                   0x200000b8   Data           8  mcu_io.o(.data)
    I2C_SCL_PORT                             0x200000c0   Data           8  mcu_io.o(.data)
    I2C_SDA_PORT                             0x200000c8   Data           8  mcu_io.o(.data)
    SPI_NO                                   0x200000d0   Data          12  mcu_io.o(.data)
    SPI_SCK_PORT                             0x200000dc   Data          12  mcu_io.o(.data)
    SPI_MOSI_PORT                            0x200000e8   Data          12  mcu_io.o(.data)
    SPI_MISO_PORT                            0x200000f4   Data          12  mcu_io.o(.data)
    SPI_CS_PORT                              0x20000100   Data          12  mcu_io.o(.data)
    TIMER_NO                                 0x2000010c   Data          12  mcu_io.o(.data)
    intEEPIndex                              0x20000118   Data           4  configuration.o(.data)
    l_pageCheck                              0x2000011c   Data           4  configuration.o(.data)
    xorByte                                  0x20000120   Data           1  configuration.o(.data)
    oldPageNumber                            0x20000124   Data           4  configuration.o(.data)
    number                                   0x20000128   Data           1  configuration.o(.data)
    EEPROMTempPage                           0x20000129   Data           6  configuration.o(.data)
    tempSim                                  0x2000012f   Data           1  configuration.o(.data)
    tempIONumberAAsci                        0x20000130   Data           2  configuration.o(.data)
    tempIOData                               0x20000132   Data           7  configuration.o(.data)
    tempIONumber                             0x20000139   Data           1  configuration.o(.data)
    radiusInteger                            0x2000013c   Data           4  configuration.o(.data)
    headerTypeAAsci                          0x20000140   Data           2  configuration.o(.data)
    headerTypeInt                            0x20000142   Data           1  configuration.o(.data)
    speedAAsci                               0x20000143   Data           4  configuration.o(.data)
    relaySwitchData                          0x20000147   Data           4  configuration.o(.data)
    numberTypeAAsci                          0x2000014b   Data           2  configuration.o(.data)
    headerLength                             0x2000014d   Data           1  configuration.o(.data)
    g_overWriteEndPointer                    0x2000014f   Data           1  eeprom.o(.data)
    rxBufferLen                              0x200001c4   Data           1  gsm.o(.data)
    smsRead                                  0x200001c5   Data           1  gsm.o(.data)
    l_smsLocation                            0x200001c6   Data           3  gsm.o(.data)
    l_tempByte                               0x200001c9   Data           1  gsm.o(.data)
    l_tempByteIndex                          0x200001ca   Data           1  gsm.o(.data)
    l_tempByteIndexNumber                    0x200001cb   Data           1  gsm.o(.data)
    l_tempCounter                            0x200001cc   Data           1  gsm.o(.data)
    tempSearchIndex                          0x200001cd   Data           1  gsm.o(.data)
    l_dataCopy                               0x200001ce   Data           1  gsm.o(.data)
    g_replyReturn                            0x200001cf   Data           1  gsm.o(.data)
    l_commaCounter                           0x200001d0   Data           1  gsm.o(.data)
    l_copyIndex                              0x200001d1   Data           1  gsm.o(.data)
    l_stringLengthACK                        0x200001d2   Data           1  gsm.o(.data)
    l_commaCountACK                          0x200001d3   Data           1  gsm.o(.data)
    l_dataCopyIndexACK                       0x200001d4   Data           1  gsm.o(.data)
    l_searchIndexTempACK                     0x200001d5   Data           1  gsm.o(.data)
    l_counter                                0x200001d6   Data           1  gsm.o(.data)
    l_gsmServerVoiceCallFlag                 0x200001d7   Data           1  gsm.o(.data)
    FTPresume_point_string                   0x200001d8   Data           6  gsm.o(.data)
    FTPresume_point_int                      0x200001e0   Data           4  gsm.o(.data)
    Vref                                     0x200001e8   Data           4  tracker_misc.o(.data)
    Low_Batt                                 0x200001ec   Data           4  tracker_misc.o(.data)
    divider_Add                              0x200001f0   Data           4  tracker_misc.o(.data)
    Int_Bat_divider_Add                      0x200001f4   Data           4  tracker_misc.o(.data)
    Main_Bat_divider_Add                     0x200001f8   Data           4  tracker_misc.o(.data)
    l_BufferStringCounter                    0x200001fc   Data           6  tracker_misc.o(.data)
    l_BufferTripIdCounter                    0x20000202   Data           6  tracker_misc.o(.data)
    l_tempCheckSum                           0x20000208   Data           4  tracker_misc.o(.data)
    l_tempPacketLength                       0x2000020c   Data           4  tracker_misc.o(.data)
    l_simInUse                               0x20000210   Data           2  tracker_misc.o(.data)
    rxBufferLenCm                            0x20000212   Data           1  tracker_misc.o(.data)
    g_OBDRequestCounter                      0x20000214   Data           1  tracker_misc.o(.data)
    l_stringCounter                          0x20000218   Data           4  tracker_misc.o(.data)
    l_SendPktCounter                         0x2000021c   Data           4  tracker_misc.o(.data)
    HSEStartUpStatus                         0x20000228   Data           1  tracker_misc.o(.data)
    SystemCoreClock                          0x20000240   Data           4  system_stm32f10x.o(.data)
    AHBPrescTable                            0x20000244   Data          16  system_stm32f10x.o(.data)
    gprmsBuffer                              0x20000258   Data         100  main.o(.bss)
    gpsTempBuffer                            0x200002bc   Data         100  main.o(.bss)
    GPS_LOG                                  0x20000320   Data         304  main.o(.bss)
    Vertex                                   0x20000450   Data        3520  main.o(.bss)
    Point                                    0x20001210   Data          16  main.o(.bss)
    ioRead                                   0x20001220   Data         320  main.o(.bss)
    rxBuffer                                 0x20001360   Data         700  main.o(.bss)
    smsRecBuffer                             0x2000161c   Data         150  main.o(.bss)
    smsReadBuffer                            0x200016b2   Data         200  main.o(.bss)
    gsmCommandsBuffer                        0x2000177a   Data         700  main.o(.bss)
    gprsRequestBuffer                        0x20001a36   Data         700  main.o(.bss)
    gsmComm                                  0x20001cf2   Data          27  main.o(.bss)
    sms                                      0x20001d0d   Data          19  main.o(.bss)
    GSMConenction                            0x20001d20   Data           9  main.o(.bss)
    FTP                                      0x20001d2c   Data          12  main.o(.bss)
    IAP                                      0x20001d38   Data         864  main.o(.bss)
    Ack                                      0x20002098   Data          20  main.o(.bss)
    eeprom                                   0x200020ac   Data          12  main.o(.bss)
    accMeter                                 0x200020b8   Data          44  main.o(.bss)
    config                                   0x200020e8   Data        2168  main.o(.bss)
    header                                   0x20002960   Data          50  main.o(.bss)
    g_TransmissionPaket                      0x20002992   Data         300  main.o(.bss)
    g_ReTransmissionPaket                    0x20002abe   Data         300  main.o(.bss)
    states                                   0x20002bea   Data         118  main.o(.bss)
    ADC_InitStructure                        0x20002c60   Data          20  main.o(.bss)
    DMA_InitStructure                        0x20002c74   Data          44  main.o(.bss)
    TIM_TimeBaseStructure                    0x20002ca0   Data          10  main.o(.bss)
    TIM_ICInitStructure                      0x20002caa   Data          10  main.o(.bss)
    SPI_InitStructure                        0x20002cb4   Data          18  main.o(.bss)
    USART_InitStructure                      0x20002cc8   Data          16  main.o(.bss)
    Clock_Frequency                          0x20002cd8   Data          20  main.o(.bss)
    G_sprintfBuffer                          0x20002cec   Data          30  main.o(.bss)
    file_size                                0x20002d0a   Data          10  main.o(.bss)
    l_tempBuffer                             0x20002d14   Data          60  configuration.o(.bss)
    l_requestContent                         0x20002d50   Data         700  configuration.o(.bss)
    l_firmwareContent                        0x2000300c   Data          70  configuration.o(.bss)
    latBuffer                                0x20003052   Data          12  configuration.o(.bss)
    lonBuffer                                0x2000305e   Data          12  configuration.o(.bss)
    radiusBuffer                             0x2000306a   Data          12  configuration.o(.bss)
    tempHeaderBuffer                         0x20003076   Data          11  configuration.o(.bss)
    nackedBytes                              0x2000308b   Data          10  gsm.o(.bss)
    gprsBufferContent                        0x20003095   Data         100  gsm.o(.bss)
    smsContentText                           0x200030f9   Data         200  gsm.o(.bss)
    l_cellNumber                             0x200031c1   Data          15  gsm.o(.bss)
    IOSMSBuffer                              0x200031d0   Data          50  tracker_misc.o(.bss)
    tempData                                 0x20003202   Data          10  tracker_misc.o(.bss)
    __initial_sp                             0x20006210   Data           0  startup_stm32f10x_hd.o(STACK)



==============================================================================

Memory Map of the image

  Image Entry point : 0x08004131

  Load Region LR_IROM1 (Base: 0x08004000, Size: 0x000156b0, Max: 0x00040000, ABSOLUTE, COMPRESSED[0x000154dc])

    Execution Region ER_IROM1 (Base: 0x08004000, Size: 0x00015458, Max: 0x00040000, ABSOLUTE)

    Base Addr    Size         Type   Attr      Idx    E Section Name        Object

    0x08004000   0x00000130   Data   RO         4379    RESET               startup_stm32f10x_hd.o
    0x08004130   0x00000000   Code   RO         4420  * .ARM.Collect$$$$00000000  mc_w.l(entry.o)
    0x08004130   0x00000004   Code   RO         4769    .ARM.Collect$$$$00000001  mc_w.l(entry2.o)
    0x08004134   0x00000004   Code   RO         4772    .ARM.Collect$$$$00000004  mc_w.l(entry5.o)
    0x08004138   0x00000000   Code   RO         4774    .ARM.Collect$$$$00000008  mc_w.l(entry7b.o)
    0x08004138   0x00000000   Code   RO         4776    .ARM.Collect$$$$0000000A  mc_w.l(entry8b.o)
    0x08004138   0x00000008   Code   RO         4777    .ARM.Collect$$$$0000000B  mc_w.l(entry9a.o)
    0x08004140   0x00000000   Code   RO         4779    .ARM.Collect$$$$0000000D  mc_w.l(entry10a.o)
    0x08004140   0x00000000   Code   RO         4781    .ARM.Collect$$$$0000000F  mc_w.l(entry11a.o)
    0x08004140   0x00000004   Code   RO         4770    .ARM.Collect$$$$00002712  mc_w.l(entry2.o)
    0x08004144   0x00000024   Code   RO         4380    .text               startup_stm32f10x_hd.o
    0x08004168   0x00000024   Code   RO         4425    .text               mc_w.l(memseta.o)
    0x0800418c   0x00000018   Code   RO         4427    .text               mc_w.l(strcat.o)
    0x080041a4   0x00000024   Code   RO         4429    .text               mc_w.l(strstr.o)
    0x080041c8   0x0000000e   Code   RO         4431    .text               mc_w.l(strlen.o)
    0x080041d6   0x0000001c   Code   RO         4433    .text               mc_w.l(strcmp.o)
    0x080041f2   0x00000012   Code   RO         4435    .text               mc_w.l(strcpy.o)
    0x08004204   0x0000001e   Code   RO         4437    .text               mc_w.l(strncmp.o)
    0x08004222   0x0000001a   Code   RO         4702    .text               mc_w.l(atoi.o)
    0x0800423c   0x0000001a   Code   RO         4704    .text               mc_w.l(atol.o)
    0x08004256   0x000000b0   Code   RO         4706    .text               mf_w.l(fadd.o)
    0x08004306   0x00000064   Code   RO         4708    .text               mf_w.l(fmul.o)
    0x0800436a   0x0000007c   Code   RO         4710    .text               mf_w.l(fdiv.o)
    0x080043e6   0x0000014e   Code   RO         4712    .text               mf_w.l(dadd.o)
    0x08004534   0x000000e4   Code   RO         4714    .text               mf_w.l(dmul.o)
    0x08004618   0x000000de   Code   RO         4716    .text               mf_w.l(ddiv.o)
    0x080046f6   0x00000012   Code   RO         4718    .text               mf_w.l(fflti.o)
    0x08004708   0x0000000a   Code   RO         4720    .text               mf_w.l(ffltui.o)
    0x08004712   0x00000022   Code   RO         4722    .text               mf_w.l(dflti.o)
    0x08004734   0x0000001a   Code   RO         4724    .text               mf_w.l(dfltui.o)
    0x0800474e   0x00000032   Code   RO         4726    .text               mf_w.l(ffixi.o)
    0x08004780   0x00000028   Code   RO         4728    .text               mf_w.l(ffixui.o)
    0x080047a8   0x0000003e   Code   RO         4730    .text               mf_w.l(dfixi.o)
    0x080047e6   0x00000026   Code   RO         4732    .text               mf_w.l(f2d.o)
    0x0800480c   0x00000028   Code   RO         4734    .text               mf_w.l(cdcmple.o)
    0x08004834   0x00000028   Code   RO         4736    .text               mf_w.l(cdrcmple.o)
    0x0800485c   0x00000038   Code   RO         4738    .text               mf_w.l(d2f.o)
    0x08004894   0x00000014   Code   RO         4740    .text               mf_w.l(cfcmple.o)
    0x080048a8   0x00000014   Code   RO         4742    .text               mf_w.l(cfrcmple.o)
    0x080048bc   0x0000002c   Code   RO         4786    .text               mc_w.l(uidiv.o)
    0x080048e8   0x00000062   Code   RO         4788    .text               mc_w.l(uldiv.o)
    0x0800494a   0x0000001e   Code   RO         4790    .text               mc_w.l(llshl.o)
    0x08004968   0x00000020   Code   RO         4792    .text               mc_w.l(llushr.o)
    0x08004988   0x00000024   Code   RO         4794    .text               mc_w.l(llsshr.o)
    0x080049ac   0x0000009c   Code   RO         4803    .text               mc_w.l(strtod.o)
    0x08004a48   0x00000070   Code   RO         4805    .text               mc_w.l(strtol.o)
    0x08004ab8   0x00000000   Code   RO         4807    .text               mc_w.l(iusefp.o)
    0x08004ab8   0x0000006e   Code   RO         4808    .text               mf_w.l(fepilogue.o)
    0x08004b26   0x000000b6   Code   RO         4810    .text               mf_w.l(depilogue.o)
    0x08004bdc   0x0000002e   Code   RO         4812    .text               mf_w.l(dscalb.o)
    0x08004c0a   0x000000a2   Code   RO         4814    .text               mf_w.l(dsqrt.o)
    0x08004cac   0x00000030   Code   RO         4816    .text               mf_w.l(dfixul.o)
    0x08004cdc   0x00000024   Code   RO         4824    .text               mc_w.l(init.o)
    0x08004d00   0x00000008   Code   RO         4829    .text               mc_w.l(ctype_o.o)
    0x08004d08   0x00000012   Code   RO         4851    .text               mc_w.l(isspace_o.o)
    0x08004d1a   0x00000002   PAD
    0x08004d1c   0x00000338   Code   RO         4857    .text               mc_w.l(scanf_fp.o)
    0x08005054   0x00000040   Code   RO         4861    .text               mc_w.l(_sgetc.o)
    0x08005094   0x0000009e   Code   RO         4863    .text               mc_w.l(_strtoul.o)
    0x08005132   0x0000001c   Code   RO         4869    .text               mc_w.l(_chval.o)
    0x0800514e   0x00000018   Code   RO         4871    .text               mf_w.l(dfltul.o)
    0x08005166   0x00000056   Code   RO         4881    .text               mc_w.l(__dczerorl2.o)
    0x080051bc   0x000000cc   Code   RO          303    i.ADC_Channel_Init  mcu_io.o
    0x08005288   0x00000016   Code   RO         1904    i.ADC_Cmd           stm32f10x_adc.o
    0x0800529e   0x00000016   Code   RO         1905    i.ADC_DMACmd        stm32f10x_adc.o
    0x080052b4   0x00000050   Code   RO         1922    i.ADC_Init          stm32f10x_adc.o
    0x08005304   0x000000b8   Code   RO         1926    i.ADC_RegularChannelConfig  stm32f10x_adc.o
    0x080053bc   0x00000016   Code   RO         1929    i.ADC_SoftwareStartConvCmd  stm32f10x_adc.o
    0x080053d2   0x00000002   PAD
    0x080053d4   0x00000020   Code   RO          304    i.ADC_StartConversion  mcu_io.o
    0x080053f4   0x00000018   Code   RO          305    i.ADC_StopConversion  mcu_io.o
    0x0800540c   0x000001b8   Code   RO         1154    i.AIO1Hys           tracker_misc.o
    0x080055c4   0x000001b8   Code   RO         1155    i.AIO2Hys           tracker_misc.o
    0x0800577c   0x00000200   Code   RO         1156    i.AIO_StateMachine  tracker_misc.o
    0x0800597c   0x0000012c   Code   RO          961    i.APNSettings       gsm.o
    0x08005aa8   0x000000a4   Code   RO          580    i.Accelerometer_Test  ecompass.o
    0x08005b4c   0x000001b4   Code   RO          581    i.AccelrationXYZ    ecompass.o
    0x08005d00   0x00000044   Code   RO          582    i.AnyMotionCriteriaSet  ecompass.o
    0x08005d44   0x00000030   Code   RO          391    i.AppendToBuffer    configuration.o
    0x08005d74   0x00000010   Code   RO         2122    i.BKP_DeInit        stm32f10x_bkp.o
    0x08005d84   0x0000000a   Code   RO          583    i.BMA_ReadByte      ecompass.o
    0x08005d8e   0x00000002   PAD
    0x08005d90   0x00000038   Code   RO          584    i.BMA_SendByte      ecompass.o
    0x08005dc8   0x00000030   Code   RO          585    i.BMC_ByteRead      ecompass.o
    0x08005df8   0x00000030   Code   RO          586    i.BMC_ByteWrite     ecompass.o
    0x08005e28   0x0000005a   Code   RO          587    i.BMC_init          ecompass.o
    0x08005e82   0x00000004   Code   RO          204    i.BusFault_Handler  stm32f10x_it.o
    0x08005e86   0x00000002   PAD
    0x08005e88   0x00000120   Code   RO          306    i.COM_Init          mcu_io.o
    0x08005fa8   0x0000006c   Code   RO          962    i.CheckCallStatus   gsm.o
    0x08006014   0x000000a4   Code   RO          963    i.Command_FTP_Get   gsm.o
    0x080060b8   0x00000094   Code   RO          967    i.Command_Send_Connect_Get  gsm.o
    0x0800614c   0x00000058   Code   RO          968    i.Command_Send_FTPConnect_Get  gsm.o
    0x080061a4   0x000000d4   Code   RO          969    i.Command_Send_MCC_MNC_Get  gsm.o
    0x08006278   0x00000088   Code   RO          970    i.Command_Send_Network_Get  gsm.o
    0x08006300   0x00000064   Code   RO          971    i.Command_Send_OK_Get  gsm.o
    0x08006364   0x0000010c   Code   RO          972    i.Command_Send_RSSI_Get  gsm.o
    0x08006470   0x0000009c   Code   RO          973    i.Command_Send_SATE_FTP_Get  gsm.o
    0x0800650c   0x0000008c   Code   RO          974    i.Command_Send_SATE_Get  gsm.o
    0x08006598   0x00000084   Code   RO          975    i.Command_Send_SEND_Get  gsm.o
    0x0800661c   0x00000038   Code   RO          392    i.ConfigReplyReady  configuration.o
    0x08006654   0x00000168   Code   RO          393    i.Config_FactorySettings_SIM1  configuration.o
    0x080067bc   0x000005cc   Code   RO          394    i.Config_FactorySettings_SIM1_SIM2  configuration.o
    0x08006d88   0x00000168   Code   RO          395    i.Config_FactorySettings_SIM2  configuration.o
    0x08006ef0   0x00003bec   Code   RO          396    i.Config_Settings_Request_Process  configuration.o
    0x0800aadc   0x000000fc   Code   RO         1157    i.DIO1Hys           tracker_misc.o
    0x0800abd8   0x000000fc   Code   RO         1158    i.DIO2Hys           tracker_misc.o
    0x0800acd4   0x000000fc   Code   RO         1159    i.DIO3Hys           tracker_misc.o
    0x0800add0   0x00000850   Code   RO         1160    i.DIO_StateMachine  tracker_misc.o
    0x0800b620   0x0000005c   Code   RO          655    i.DMA1_Channel3_IRQHandler  eeprom.o
    0x0800b67c   0x0000001c   Code   RO         2573    i.DMA_ClearITPendingBit  stm32f10x_dma.o
    0x0800b698   0x00000018   Code   RO         2574    i.DMA_Cmd           stm32f10x_dma.o
    0x0800b6b0   0x0000014c   Code   RO         2575    i.DMA_DeInit        stm32f10x_dma.o
    0x0800b7fc   0x0000002c   Code   RO         2578    i.DMA_GetITStatus   stm32f10x_dma.o
    0x0800b828   0x00000012   Code   RO         2579    i.DMA_ITConfig      stm32f10x_dma.o
    0x0800b83a   0x0000003c   Code   RO         2580    i.DMA_Init          stm32f10x_dma.o
    0x0800b876   0x00000002   PAD
    0x0800b878   0x00000178   Code   RO         1161    i.DataRecoveryHandler  tracker_misc.o
    0x0800b9f0   0x00000048   Code   RO         1162    i.DataStringHandler  tracker_misc.o
    0x0800ba38   0x00000002   Code   RO          205    i.DebugMon_Handler  stm32f10x_it.o
    0x0800ba3a   0x00000012   Code   RO          799    i.Delay             global_defines.o
    0x0800ba4c   0x00000018   Code   RO          800    i.Delay_ms          global_defines.o
    0x0800ba64   0x0000003c   Code   RO          801    i.Delay_viaCounter  global_defines.o
    0x0800baa0   0x00000058   Code   RO          657    i.EEPROM_I2C_SQ_Read  eeprom.o
    0x0800baf8   0x0000006c   Code   RO          658    i.EEPROM_I2C_SQ_Write  eeprom.o
    0x0800bb64   0x00000120   Code   RO          660    i.EEPROM_Read_Module  eeprom.o
    0x0800bc84   0x00000038   Code   RO          661    i.EEPROM_SendByte   eeprom.o
    0x0800bcbc   0x00000064   Code   RO          664    i.EEPROM_WaitForWriteEnd  eeprom.o
    0x0800bd20   0x00000020   Code   RO          665    i.EEPROM_WriteEnable  eeprom.o
    0x0800bd40   0x00000058   Code   RO          666    i.EEPROM_WritePage  eeprom.o
    0x0800bd98   0x00000108   Code   RO          667    i.EEPROM_Write_Module  eeprom.o
    0x0800bea0   0x000000a0   Code   RO            1    i.EXTI0_IRQHandler  main.o
    0x0800bf40   0x0000003c   Code   RO            2    i.EXTI15_10_IRQHandler  main.o
    0x0800bf7c   0x00000044   Code   RO            3    i.EXTI4_IRQHandler  main.o
    0x0800bfc0   0x00000048   Code   RO            4    i.EXTI9_5_IRQHandler  main.o
    0x0800c008   0x0000000c   Code   RO         2645    i.EXTI_ClearITPendingBit  stm32f10x_exti.o
    0x0800c014   0x00000028   Code   RO         2649    i.EXTI_GetITStatus  stm32f10x_exti.o
    0x0800c03c   0x00000094   Code   RO         2650    i.EXTI_Init         stm32f10x_exti.o
    0x0800c0d0   0x00000208   Code   RO         1163    i.Extension_Formatter  tracker_misc.o
    0x0800c2d8   0x000001a8   Code   RO          976    i.FTP_initialize    gsm.o
    0x0800c480   0x00000ccc   Code   RO          397    i.Factory_Config_Read  configuration.o
    0x0800d14c   0x00000e3c   Code   RO          398    i.Factory_Config_Write  configuration.o
    0x0800df88   0x000000e4   Code   RO          866    i.GPGGA_Extraction_Module  gps.o
    0x0800e06c   0x0000008c   Code   RO          867    i.GPGGA_Paramters_Extract  gps.o
    0x0800e0f8   0x000000c8   Code   RO         1579    i.GPIO_DeInit       stm32f10x_gpio.o
    0x0800e1c0   0x00000040   Code   RO         1581    i.GPIO_EXTILineConfig  stm32f10x_gpio.o
    0x0800e200   0x000001d8   Code   RO          307    i.GPIO_EXTI_Init    mcu_io.o
    0x0800e3d8   0x00000116   Code   RO         1584    i.GPIO_Init         stm32f10x_gpio.o
    0x0800e4ee   0x00000002   PAD
    0x0800e4f0   0x00000090   Code   RO         1586    i.GPIO_PinRemapConfig  stm32f10x_gpio.o
    0x0800e580   0x00000012   Code   RO         1588    i.GPIO_ReadInputDataBit  stm32f10x_gpio.o
    0x0800e592   0x00000004   Code   RO         1591    i.GPIO_ResetBits    stm32f10x_gpio.o
    0x0800e596   0x00000004   Code   RO         1592    i.GPIO_SetBits      stm32f10x_gpio.o
    0x0800e59a   0x00000008   Code   RO         1594    i.GPIO_ToggleBits   stm32f10x_gpio.o
    0x0800e5a2   0x00000002   PAD
    0x0800e5a4   0x00000170   Code   RO          868    i.GPRMC_Extraction_Module  gps.o
    0x0800e714   0x00000730   Code   RO          869    i.GPRMC_Paramters_Extract  gps.o
    0x0800ee44   0x000000e4   Code   RO          977    i.GPRS_initialize   gsm.o
    0x0800ef28   0x00000efc   Code   RO         1164    i.GPRStrackingModule  tracker_misc.o
    0x0800fe24   0x00000104   Code   RO          870    i.GPSTimeProc       gps.o
    0x0800ff28   0x000002fc   Code   RO          871    i.GPS_Controller    gps.o
    0x08010224   0x00000014   Code   RO         1165    i.GPS_StateMachine  tracker_misc.o
    0x08010238   0x0000034c   Code   RO          979    i.GSM_Init_Reset    gsm.o
    0x08010584   0x0000009c   Code   RO          980    i.GSM_Network_Check  gsm.o
    0x08010620   0x00000054   Code   RO          981    i.GSM_Request_Process  gsm.o
    0x08010674   0x0000010c   Code   RO          982    i.GSM_Select_SIM    gsm.o
    0x08010780   0x00000510   Code   RO         1166    i.GSM_StateMachine  tracker_misc.o
    0x08010c90   0x0000014c   Code   RO          399    i.GeoDataAppendToBuffer  configuration.o
    0x08010ddc   0x000000e0   Code   RO            5    i.GetLSIFrequency   main.o
    0x08010ebc   0x00000004   Code   RO          206    i.HardFault_Handler  stm32f10x_it.o
    0x08010ec0   0x00000250   Code   RO         1167    i.IAP_convert_file  tracker_misc.o
    0x08011110   0x00000f30   Code   RO         1168    i.IOMessageGenerator  tracker_misc.o
    0x08012040   0x00000010   Code   RO         3022    i.IWDG_Enable       stm32f10x_iwdg.o
    0x08012050   0x00000010   Code   RO         3024    i.IWDG_ReloadCounter  stm32f10x_iwdg.o
    0x08012060   0x0000000c   Code   RO         3025    i.IWDG_SetPrescaler  stm32f10x_iwdg.o
    0x0801206c   0x0000000c   Code   RO         3026    i.IWDG_SetReload    stm32f10x_iwdg.o
    0x08012078   0x0000000c   Code   RO         3027    i.IWDG_WriteAccessCmd  stm32f10x_iwdg.o
    0x08012084   0x000000b8   Code   RO         1169    i.IgnitionHys       tracker_misc.o
    0x0801213c   0x000001f0   Code   RO         1170    i.Ignition_module   tracker_misc.o
    0x0801232c   0x0000003c   Code   RO          872    i.Init_TimeDate     gps.o
    0x08012368   0x00000060   Code   RO         1171    i.IsAlertOn         tracker_misc.o
    0x080123c8   0x00000042   Code   RO          873    i.IsLeapYear        gps.o
    0x0801240a   0x00000002   PAD
    0x0801240c   0x000000e0   Code   RO         1172    i.MainPowerHys      tracker_misc.o
    0x080124ec   0x00000028   Code   RO         1173    i.Main_StateMachine  tracker_misc.o
    0x08012514   0x00000004   Code   RO          207    i.MemManage_Handler  stm32f10x_it.o
    0x08012518   0x0000005c   Code   RO          874    i.NMEAParseDate     gps.o
    0x08012574   0x0000005c   Code   RO          875    i.NMEAParseTime     gps.o
    0x080125d0   0x00000002   Code   RO          208    i.NMI_Handler       stm32f10x_it.o
    0x080125d2   0x00000002   PAD
    0x080125d4   0x00000070   Code   RO         1368    i.NVIC_Init         misc.o
    0x08012644   0x0000007c   Code   RO          308    i.NVIC_Interrupt    mcu_io.o
    0x080126c0   0x00000014   Code   RO         1369    i.NVIC_PriorityGroupConfig  misc.o
    0x080126d4   0x00000014   Code   RO         1370    i.NVIC_SetVectorTable  misc.o
    0x080126e8   0x00000024   Code   RO          400    i.NVIC_SystemReset  configuration.o
    0x0801270c   0x00000024   Code   RO         1174    i.NVIC_SystemReset  tracker_misc.o
    0x08012730   0x0000000c   Code   RO         3064    i.PWR_BackupAccessCmd  stm32f10x_pwr.o
    0x0801273c   0x00000014   Code   RO         3065    i.PWR_ClearFlag     stm32f10x_pwr.o
    0x08012750   0x00000040   Code   RO         3068    i.PWR_EnterSTOPMode  stm32f10x_pwr.o
    0x08012790   0x00000018   Code   RO         3069    i.PWR_GetFlagStatus  stm32f10x_pwr.o
    0x080127a8   0x00000070   Code   RO         1175    i.PacketNoExtract   tracker_misc.o
    0x08012818   0x00000344   Code   RO         1176    i.Packet_Formatter  tracker_misc.o
    0x08012b5c   0x00000002   Code   RO          209    i.PendSV_Handler    stm32f10x_it.o
    0x08012b5e   0x00000002   PAD
    0x08012b60   0x00000020   Code   RO         1699    i.RCC_AHBPeriphClockCmd  stm32f10x_rcc.o
    0x08012b80   0x00000020   Code   RO         1700    i.RCC_APB1PeriphClockCmd  stm32f10x_rcc.o
    0x08012ba0   0x00000020   Code   RO         1702    i.RCC_APB2PeriphClockCmd  stm32f10x_rcc.o
    0x08012bc0   0x00000020   Code   RO         1703    i.RCC_APB2PeriphResetCmd  stm32f10x_rcc.o
    0x08012be0   0x0000000c   Code   RO         1705    i.RCC_BackupResetCmd  stm32f10x_rcc.o
    0x08012bec   0x00000014   Code   RO         1706    i.RCC_ClearFlag     stm32f10x_rcc.o
    0x08012c00   0x000000d4   Code   RO         1710    i.RCC_GetClocksFreq  stm32f10x_rcc.o
    0x08012cd4   0x0000003c   Code   RO         1711    i.RCC_GetFlagStatus  stm32f10x_rcc.o
    0x08012d10   0x00000010   Code   RO         1713    i.RCC_GetSYSCLKSource  stm32f10x_rcc.o
    0x08012d20   0x0000004c   Code   RO         1715    i.RCC_HSEConfig     stm32f10x_rcc.o
    0x08012d6c   0x00000034   Code   RO         1718    i.RCC_LSEConfig     stm32f10x_rcc.o
    0x08012da0   0x0000000c   Code   RO         1719    i.RCC_LSICmd        stm32f10x_rcc.o
    0x08012dac   0x0000000c   Code   RO         1723    i.RCC_PLLCmd        stm32f10x_rcc.o
    0x08012db8   0x0000000c   Code   RO         1725    i.RCC_RTCCLKCmd     stm32f10x_rcc.o
    0x08012dc4   0x00000010   Code   RO         1726    i.RCC_RTCCLKConfig  stm32f10x_rcc.o
    0x08012dd4   0x00000018   Code   RO         1727    i.RCC_SYSCLKConfig  stm32f10x_rcc.o
    0x08012dec   0x00000038   Code   RO         1729    i.RCC_WaitForHSEStartUp  stm32f10x_rcc.o
    0x08012e24   0x00000060   Code   RO            6    i.RTCAlarm_IRQHandler  main.o
    0x08012e84   0x00000010   Code   RO         3124    i.RTC_ClearFlag     stm32f10x_rtc.o
    0x08012e94   0x00000010   Code   RO         3125    i.RTC_ClearITPendingBit  stm32f10x_rtc.o
    0x08012ea4   0x000000c8   Code   RO            7    i.RTC_Config        main.o
    0x08012f6c   0x00000014   Code   RO         3126    i.RTC_EnterConfigMode  stm32f10x_rtc.o
    0x08012f80   0x00000014   Code   RO         3127    i.RTC_ExitConfigMode  stm32f10x_rtc.o
    0x08012f94   0x00000014   Code   RO         3128    i.RTC_GetCounter    stm32f10x_rtc.o
    0x08012fa8   0x00000018   Code   RO         3130    i.RTC_GetFlagStatus  stm32f10x_rtc.o
    0x08012fc0   0x00000024   Code   RO         3131    i.RTC_GetITStatus   stm32f10x_rtc.o
    0x08012fe4   0x00000020   Code   RO         3132    i.RTC_ITConfig      stm32f10x_rtc.o
    0x08013004   0x0000001c   Code   RO         3133    i.RTC_SetAlarm      stm32f10x_rtc.o
    0x08013020   0x00000020   Code   RO         3135    i.RTC_SetPrescaler  stm32f10x_rtc.o
    0x08013040   0x00000014   Code   RO         3136    i.RTC_WaitForLastTask  stm32f10x_rtc.o
    0x08013054   0x00000024   Code   RO         3137    i.RTC_WaitForSynchro  stm32f10x_rtc.o
    0x08013078   0x00000028   Code   RO         1177    i.RequestProcessController  tracker_misc.o
    0x080130a0   0x00000088   Code   RO          983    i.SMS_Generator     gsm.o
    0x08013128   0x000000d0   Code   RO          984    i.SMS_GeneratorAlerts  gsm.o
    0x080131f8   0x000001a0   Code   RO          985    i.SMS_Processor     gsm.o
    0x08013398   0x00000194   Code   RO          986    i.SMS_Read_module   gsm.o
    0x0801352c   0x00000034   Code   RO          309    i.SPIBus_CS_high_low  mcu_io.o
    0x08013560   0x0000013c   Code   RO          310    i.SPIBus_Init       mcu_io.o
    0x0801369c   0x00000018   Code   RO         3408    i.SPI_Cmd           stm32f10x_spi.o
    0x080136b4   0x00000012   Code   RO         3414    i.SPI_I2S_DMACmd    stm32f10x_spi.o
    0x080136c6   0x00000012   Code   RO         3416    i.SPI_I2S_GetFlagStatus  stm32f10x_spi.o
    0x080136d8   0x00000006   Code   RO         3419    i.SPI_I2S_ReceiveData  stm32f10x_spi.o
    0x080136de   0x00000004   Code   RO         3420    i.SPI_I2S_SendData  stm32f10x_spi.o
    0x080136e2   0x0000003c   Code   RO         3421    i.SPI_Init          stm32f10x_spi.o
    0x0801371e   0x00000002   Code   RO          210    i.SVC_Handler       stm32f10x_it.o
    0x08013720   0x00000040   Code   RO         1179    i.SYSCLKConfig_STOP  tracker_misc.o
    0x08013760   0x00000008   Code   RO         4343    i.SetSysClock       system_stm32f10x.o
    0x08013768   0x000000e0   Code   RO         4344    i.SetSysClockTo72   system_stm32f10x.o
    0x08013848   0x00000170   Code   RO         1180    i.SleepModeAlgo     tracker_misc.o
    0x080139b8   0x00000340   Code   RO         1181    i.SleepModeController  tracker_misc.o
    0x08013cf8   0x00000002   Code   RO          311    i.SleepMode_Interrupt  mcu_io.o
    0x08013cfa   0x00000002   PAD
    0x08013cfc   0x00000054   Code   RO         1182    i.Start_Blink       tracker_misc.o
    0x08013d50   0x00000018   Code   RO          211    i.SysTick_Handler   stm32f10x_it.o
    0x08013d68   0x00000060   Code   RO         4346    i.SystemInit        system_stm32f10x.o
    0x08013dc8   0x00000036   Code   RO            8    i.System_Init       main.o
    0x08013dfe   0x00000002   PAD
    0x08013e00   0x00000080   Code   RO         3547    i.TI1_Config        stm32f10x_tim.o
    0x08013e80   0x00000098   Code   RO         3548    i.TI2_Config        stm32f10x_tim.o
    0x08013f18   0x00000090   Code   RO         3549    i.TI3_Config        stm32f10x_tim.o
    0x08013fa8   0x00000098   Code   RO         3550    i.TI4_Config        stm32f10x_tim.o
    0x08014040   0x0000008c   Code   RO            9    i.TIM2_IRQHandler   main.o
    0x080140cc   0x000001d0   Code   RO           10    i.TIM4_IRQHandler   main.o
    0x0801429c   0x0000005c   Code   RO           11    i.TIM5_IRQHandler   main.o
    0x080142f8   0x00000018   Code   RO         3551    i.TIM_ARRPreloadConfig  stm32f10x_tim.o
    0x08014310   0x00000006   Code   RO         3558    i.TIM_ClearITPendingBit  stm32f10x_tim.o
    0x08014316   0x00000018   Code   RO         3563    i.TIM_Cmd           stm32f10x_tim.o
    0x0801432e   0x00000008   Code   RO         3581    i.TIM_GetCapture4   stm32f10x_tim.o
    0x08014336   0x00000022   Code   RO         3584    i.TIM_GetITStatus   stm32f10x_tim.o
    0x08014358   0x000000ac   Code   RO         3586    i.TIM_ICInit        stm32f10x_tim.o
    0x08014404   0x00000012   Code   RO         3588    i.TIM_ITConfig      stm32f10x_tim.o
    0x08014416   0x00000006   Code   RO         3612    i.TIM_PrescalerConfig  stm32f10x_tim.o
    0x0801441c   0x00000004   Code   RO         3622    i.TIM_SetAutoreload  stm32f10x_tim.o
    0x08014420   0x00000004   Code   RO         3628    i.TIM_SetCounter    stm32f10x_tim.o
    0x08014424   0x00000012   Code   RO         3629    i.TIM_SetIC1Prescaler  stm32f10x_tim.o
    0x08014436   0x0000001a   Code   RO         3630    i.TIM_SetIC2Prescaler  stm32f10x_tim.o
    0x08014450   0x00000012   Code   RO         3631    i.TIM_SetIC3Prescaler  stm32f10x_tim.o
    0x08014462   0x0000001a   Code   RO         3632    i.TIM_SetIC4Prescaler  stm32f10x_tim.o
    0x0801447c   0x000000a4   Code   RO         3634    i.TIM_TimeBaseInit  stm32f10x_tim.o
    0x08014520   0x0000014c   Code   RO         1183    i.TimeComputeController  tracker_misc.o
    0x0801466c   0x000000e0   Code   RO          876    i.TimeDate_Update   gps.o
    0x0801474c   0x000000d4   Code   RO          312    i.Timer_Init        mcu_io.o
    0x08014820   0x00000848   Code   RO           12    i.UART5_IRQHandler  main.o
    0x08015068   0x00000018   Code   RO         4099    i.USART_Cmd         stm32f10x_usart.o
    0x08015080   0x00000084   Code   RO          313    i.USART_Get         mcu_io.o
    0x08015104   0x0000001a   Code   RO         4102    i.USART_GetFlagStatus  stm32f10x_usart.o
    0x0801511e   0x00000054   Code   RO         4103    i.USART_GetITStatus  stm32f10x_usart.o
    0x08015172   0x0000004a   Code   RO         4105    i.USART_ITConfig    stm32f10x_usart.o
    0x080151bc   0x000000d8   Code   RO         4106    i.USART_Init        stm32f10x_usart.o
    0x08015294   0x0000003c   Code   RO          314    i.USART_Put         mcu_io.o
    0x080152d0   0x0000000a   Code   RO         4113    i.USART_ReceiveData  stm32f10x_usart.o
    0x080152da   0x00000008   Code   RO         4116    i.USART_SendData    stm32f10x_usart.o
    0x080152e2   0x00000002   PAD
    0x080152e4   0x00000048   Code   RO          315    i.USART_SendData_s  mcu_io.o
    0x0801532c   0x00000004   Code   RO          212    i.UsageFault_Handler  stm32f10x_it.o
    0x08015330   0x000000b4   Code   RO           13    i.WWDT_Init         main.o
    0x080153e4   0x00000028   Code   RO         4676    i.__0sprintf        mc_w.l(printfa.o)
    0x0801540c   0x00000028   Code   RO         4820    i.__ARM_fpclassify  m_ws.l(fpclassify.o)
    0x08015434   0x00000008   Code   RO         4796    i.__aeabi_errno_addr  mc_w.l(errno.o)
    0x0801543c   0x00000388   Code   RO         4758    i.__ieee754_rem_pio2  m_ws.l(rred.o)
    0x080157c4   0x000000fc   Code   RO         4754    i.__kernel_cos      m_ws.l(cos_i.o)
    0x080158c0   0x000000aa   Code   RO         4822    i.__kernel_poly     m_ws.l(poly.o)
    0x0801596a   0x00000002   PAD
    0x0801596c   0x000000ec   Code   RO         4763    i.__kernel_sin      m_ws.l(sin_i.o)
    0x08015a58   0x00000010   Code   RO         4818    i.__mathlib_dbl_underflow  m_ws.l(dunder.o)
    0x08015a68   0x0000000e   Code   RO         4875    i.__scatterload_copy  mc_w.l(handlers.o)
    0x08015a76   0x00000002   Code   RO         4876    i.__scatterload_null  mc_w.l(handlers.o)
    0x08015a78   0x0000000e   Code   RO         4877    i.__scatterload_zeroinit  mc_w.l(handlers.o)
    0x08015a86   0x00000002   PAD
    0x08015a88   0x0000000c   Code   RO         4798    i.__set_errno       mc_w.l(errno.o)
    0x08015a94   0x00000164   Code   RO         4681    i._fp_digits        mc_w.l(printfa.o)
    0x08015bf8   0x0000000e   Code   RO         4859    i._is_digit         mc_w.l(scanf_fp.o)
    0x08015c06   0x00000002   PAD
    0x08015c08   0x000006dc   Code   RO         4682    i._printf_core      mc_w.l(printfa.o)
    0x080162e4   0x00000024   Code   RO         4683    i._printf_post_padding  mc_w.l(printfa.o)
    0x08016308   0x0000002e   Code   RO         4684    i._printf_pre_padding  mc_w.l(printfa.o)
    0x08016336   0x0000000a   Code   RO         4686    i._sputc            mc_w.l(printfa.o)
    0x08016340   0x00000020   Code   RO          401    i.aasciToFloatCopy  configuration.o
    0x08016360   0x00000014   Code   RO          802    i.arrayInit2Zero    global_defines.o
    0x08016374   0x00000062   Code   RO          803    i.ascii_to_hex      global_defines.o
    0x080163d6   0x00000002   PAD
    0x080163d8   0x00000224   Code   RO         4745    i.atan              m_ws.l(atan.o)
    0x080165fc   0x00000180   Code   RO         4385    i.atan2             m_ws.l(atan2.o)
    0x0801677c   0x00000064   Code   RO          877    i.checkSumCalculator  gps.o
    0x080167e0   0x000000ac   Code   RO         4393    i.cos               m_ws.l(cos.o)
    0x0801688c   0x000000a0   Code   RO          402    i.dataExtractor2Comma  configuration.o
    0x0801692c   0x000000ce   Code   RO          403    i.dataExtractor3Comma  configuration.o
    0x080169fa   0x0000010c   Code   RO          404    i.dataExtractor4Comma  configuration.o
    0x08016b06   0x0000013c   Code   RO          405    i.dataExtractor5Comma  configuration.o
    0x08016c42   0x00000164   Code   RO          406    i.dataExtractor6Comma  configuration.o
    0x08016da6   0x00000192   Code   RO          407    i.dataExtractor7Comma  configuration.o
    0x08016f38   0x000001c4   Code   RO          408    i.dataExtractor8Comma  configuration.o
    0x080170fc   0x00000188   Code   RO         1185    i.dataTransmissionController  tracker_misc.o
    0x08017284   0x00000100   Code   RO          805    i.displaySysClocks  global_defines.o
    0x08017384   0x000001c4   Code   RO          878    i.distanceCalculator  gps.o
    0x08017548   0x0000005a   Code   RO          409    i.eepromReadDouble  configuration.o
    0x080175a2   0x00000030   Code   RO          410    i.eepromReadFloat   configuration.o
    0x080175d2   0x0000005e   Code   RO          411    i.eepromWriteDouble  configuration.o
    0x08017630   0x00000032   Code   RO          412    i.eepromWriteFloat  configuration.o
    0x08017662   0x00000002   PAD
    0x08017664   0x00000040   Code   RO          668    i.eeprom_read_byte  eeprom.o
    0x080176a4   0x0000004e   Code   RO          669    i.eeprom_read_dword  eeprom.o
    0x080176f2   0x0000002a   Code   RO          670    i.eeprom_read_word  eeprom.o
    0x0801771c   0x00000054   Code   RO          671    i.eeprom_write_byte  eeprom.o
    0x08017770   0x0000002c   Code   RO          672    i.eeprom_write_dword  eeprom.o
    0x0801779c   0x00000018   Code   RO          673    i.eeprom_write_word  eeprom.o
    0x080177b4   0x00000090   Code   RO          413    i.firmVerGen        configuration.o
    0x08017844   0x00000084   Code   RO          588    i.gFormat           ecompass.o
    0x080178c8   0x000004e0   Code   RO          879    i.geoFencingEngine  gps.o
    0x08017da8   0x00000124   Code   RO          988    i.getIMEI           gsm.o
    0x08017ecc   0x000000e8   Code   RO          989    i.gprsRequestProcess  gsm.o
    0x08017fb4   0x00000034   Code   RO          990    i.gsmPowerOff       gsm.o
    0x08017fe8   0x00000058   Code   RO          991    i.gsmPowerOn        gsm.o
    0x08018040   0x000000f4   Code   RO          880    i.isLeft            gps.o
    0x08018134   0x00000174   Code   RO          589    i.magnetometer_Heading  ecompass.o
    0x080182a8   0x00000064   Code   RO          590    i.magnetometer_Heading_Convert  ecompass.o
    0x0801830c   0x0000044c   Code   RO           14    i.main              main.o
    0x08018758   0x0000002c   Code   RO          414    i.multiByteContentRead  configuration.o
    0x08018784   0x00000026   Code   RO          415    i.multiByteContentWrite  configuration.o
    0x080187aa   0x00000002   PAD
    0x080187ac   0x00000110   Code   RO         1186    i.pingPacketGen     tracker_misc.o
    0x080188bc   0x000000dc   Code   RO         1187    i.pingPacketGen_SL_Protocol  tracker_misc.o
    0x08018998   0x00000030   Code   RO          416    i.requestContentExtract  configuration.o
    0x080189c8   0x00000060   Code   RO          417    i.requestReplyConfig  configuration.o
    0x08018a28   0x00000060   Code   RO          418    i.requestReplyErrorConfig  configuration.o
    0x08018a88   0x00000084   Code   RO          419    i.requestReplyGenError  configuration.o
    0x08018b0c   0x00000084   Code   RO          420    i.requestReplyGenOk  configuration.o
    0x08018b90   0x0000008c   Code   RO          674    i.sFLASH_DMA_Configuration  eeprom.o
    0x08018c1c   0x00000040   Code   RO          675    i.sFLASH_DMA_WritePage  eeprom.o
    0x08018c5c   0x000000b0   Code   RO         4401    i.sin               m_ws.l(sin.o)
    0x08018d0c   0x0000004c   Code   RO         4409    i.sqrt              m_ws.l(sqrt.o)
    0x08018d58   0x00000016   Code   RO          807    i.strnlen           global_defines.o
    0x08018d6e   0x0000001c   Code   RO         4417    i.strtod            m_ws.l(strtod.o)
    0x08018d8a   0x00000002   PAD
    0x08018d8c   0x000001dc   Code   RO          881    i.wn_PnPoly         gps.o
    0x08018f68   0x00000120   Data   RO          316    .constdata          mcu_io.o
    0x08019088   0x0000009e   Data   RO          423    .constdata          configuration.o
    0x08019126   0x00000028   Data   RO          993    .constdata          gsm.o
    0x0801914e   0x0000009f   Data   RO         1189    .constdata          tracker_misc.o
    0x080191ed   0x00000003   PAD
    0x080191f0   0x00000098   Data   RO         4746    .constdata          m_ws.l(atan.o)
    0x08019288   0x00000030   Data   RO         4755    .constdata          m_ws.l(cos_i.o)
    0x080192b8   0x00000008   Data   RO         4757    .constdata          m_ws.l(qnan.o)
    0x080192c0   0x000000c8   Data   RO         4760    .constdata          m_ws.l(rred.o)
    0x08019388   0x00000028   Data   RO         4764    .constdata          m_ws.l(sin_i.o)
    0x080193b0   0x00000081   Data   RO         4830    .constdata          mc_w.l(ctype_o.o)
    0x08019431   0x00000003   PAD
    0x08019434   0x00000004   Data   RO         4831    .constdata          mc_w.l(ctype_o.o)
    0x08019438   0x00000020   Data   RO         4873    Region$$Table       anon$$obj.o


    Execution Region RW_IRAM1 (Base: 0x20000000, Size: 0x00006210, Max: 0x0000c000, ABSOLUTE, COMPRESSED[0x00000084])

    Base Addr    Size         Type   Attr      Idx    E Section Name        Object

    0x20000000   0x0000007a   Data   RW           16    .data               main.o
    0x2000007a   0x00000002   PAD
    0x2000007c   0x0000009c   Data   RW          317    .data               mcu_io.o
    0x20000118   0x00000036   Data   RW          424    .data               configuration.o
    0x2000014e   0x00000002   Data   RW          679    .data               eeprom.o
    0x20000150   0x00000071   Data   RW          883    .data               gps.o
    0x200001c1   0x00000003   PAD
    0x200001c4   0x00000024   Data   RW          994    .data               gsm.o
    0x200001e8   0x00000041   Data   RW         1190    .data               tracker_misc.o
    0x20000229   0x00000014   Data   RW         1730    .data               stm32f10x_rcc.o
    0x2000023d   0x00000003   PAD
    0x20000240   0x00000014   Data   RW         4347    .data               system_stm32f10x.o
    0x20000254   0x00000004   Data   RW         4799    .data               mc_w.l(errno.o)
    0x20000258   0x00002abc   Zero   RW           15    .bss                main.o
    0x20002d14   0x0000036d   Zero   RW          422    .bss                configuration.o
    0x20003081   0x0000000a   Zero   RW          882    .bss                gps.o
    0x2000308b   0x00000145   Zero   RW          992    .bss                gsm.o
    0x200031d0   0x0000003c   Zero   RW         1188    .bss                tracker_misc.o
    0x2000320c   0x00000004   PAD
    0x20003210   0x00003000   Zero   RW         4377    STACK               startup_stm32f10x_hd.o


==============================================================================

Image component sizes


      Code (inc. data)   RO Data    RW Data    ZI Data      Debug   Object Name

     28140       2498        158         54        877      52530   configuration.o
         0          0          0          0          0         32   core_cm3.o
      1524        268          0          0          0       7089   ecompass.o
      1656        138          0          2          0      11981   eeprom.o
       498        118          0          0          0       4767   global_defines.o
      6654        484          0        113         10      13979   gps.o
      5784       1370         40         36        325      20658   gsm.o
      5030       1136          0        122      10940     359917   main.o
      1990        268        288        156          0      10969   mcu_io.o
       152         30          0          0          0       2501   misc.o
        36          8        304          0      12288        964   startup_stm32f10x_hd.o
       330         10          0          0          0       5812   stm32f10x_adc.o
        16          0          0          0          0        585   stm32f10x_bkp.o
       506         26          0          0          0       5871   stm32f10x_dma.o
       200         18          0          0          0       2536   stm32f10x_exti.o
       720         38          0          0          0       7200   stm32f10x_gpio.o
        48          6          0          0          0      20163   stm32f10x_it.o
        68         30          0          0          0       2994   stm32f10x_iwdg.o
       120         26          0          0          0       2630   stm32f10x_pwr.o
       708        106          0         20          0      13914   stm32f10x_rcc.o
       300         56          0          0          0       7430   stm32f10x_rtc.o
       130          0          0          0          0       5155   stm32f10x_spi.o
      1128        150          0          0          0      14255   stm32f10x_tim.o
       442          6          0          0          0       6969   stm32f10x_usart.o
       328         28          0         20          0       2513   system_stm32f10x.o
     19504       2236        159         65         60      29844   tracker_misc.o

    ----------------------------------------------------------------------
     76042       9054        984        596      24504     613258   Object Totals
         0          0         32          0          0          0   (incl. Generated)
        30          0          3          8          4          0   (incl. Padding)

    ----------------------------------------------------------------------

      Code (inc. data)   RO Data    RW Data    ZI Data      Debug   Library Member Name

       548         70        152          0          0        124   atan.o
       384         38          0          0          0        144   atan2.o
       172          8          0          0          0        112   cos.o
       252         22         48          0          0        124   cos_i.o
        16          6          0          0          0         68   dunder.o
        40          0          0          0          0         68   fpclassify.o
       170          0          0          0          0         96   poly.o
         0          0          8          0          0          0   qnan.o
       904         74        200          0          0        140   rred.o
       176         10          0          0          0        116   sin.o
       236         12         40          0          0        128   sin_i.o
        76          0          0          0          0         84   sqrt.o
        28          0          0          0          0         80   strtod.o
        86          0          0          0          0          0   __dczerorl2.o
        28          0          0          0          0         68   _chval.o
        64          0          0          0          0         84   _sgetc.o
       158          0          0          0          0         92   _strtoul.o
        26          0          0          0          0         80   atoi.o
        26          0          0          0          0         80   atol.o
         8          4        133          0          0         68   ctype_o.o
         0          0          0          0          0          0   entry.o
         0          0          0          0          0          0   entry10a.o
         0          0          0          0          0          0   entry11a.o
         8          4          0          0          0          0   entry2.o
         4          0          0          0          0          0   entry5.o
         0          0          0          0          0          0   entry7b.o
         0          0          0          0          0          0   entry8b.o
         8          4          0          0          0          0   entry9a.o
        20         10          0          4          0        136   errno.o
        30          0          0          0          0          0   handlers.o
        36          8          0          0          0         68   init.o
        18          0          0          0          0         76   isspace_o.o
         0          0          0          0          0          0   iusefp.o
        30          0          0          0          0         68   llshl.o
        36          0          0          0          0         68   llsshr.o
        32          0          0          0          0         68   llushr.o
        36          0          0          0          0        108   memseta.o
      2244         86          0          0          0        512   printfa.o
       838         12          0          0          0        216   scanf_fp.o
        24          0          0          0          0         68   strcat.o
        28          0          0          0          0         76   strcmp.o
        18          0          0          0          0         68   strcpy.o
        14          0          0          0          0         68   strlen.o
        30          0          0          0          0         80   strncmp.o
        36          0          0          0          0         80   strstr.o
       156         14          0          0          0        120   strtod.o
       112          0          0          0          0         88   strtol.o
        44          0          0          0          0         80   uidiv.o
        98          0          0          0          0         92   uldiv.o
        40          2          0          0          0         68   cdcmple.o
        40          2          0          0          0         68   cdrcmple.o
        20          0          0          0          0         68   cfcmple.o
        20          0          0          0          0         68   cfrcmple.o
        56          0          0          0          0         88   d2f.o
       334          0          0          0          0        148   dadd.o
       222          0          0          0          0        100   ddiv.o
       182          0          0          0          0        176   depilogue.o
        62          0          0          0          0         80   dfixi.o
        48          0          0          0          0         68   dfixul.o
        34          0          0          0          0         76   dflti.o
        26          0          0          0          0         76   dfltui.o
        24          0          0          0          0         76   dfltul.o
       228          0          0          0          0         96   dmul.o
        46          0          0          0          0         80   dscalb.o
       162          0          0          0          0        100   dsqrt.o
        38          0          0          0          0         68   f2d.o
       176          0          0          0          0        140   fadd.o
       124          0          0          0          0         88   fdiv.o
       110          0          0          0          0        168   fepilogue.o
        50          0          0          0          0         68   ffixi.o
        40          0          0          0          0         68   ffixui.o
        18          0          0          0          0         68   fflti.o
        10          0          0          0          0         68   ffltui.o
       100          0          0          0          0         76   fmul.o

    ----------------------------------------------------------------------
      9518        386        584          4          0       6144   Library Totals
        10          0          3          0          0          0   (incl. Padding)

    ----------------------------------------------------------------------

      Code (inc. data)   RO Data    RW Data    ZI Data      Debug   Library Name

      3002        240        448          0          0       1284   m_ws.l
      4296        142        133          4          0       2612   mc_w.l
      2210          4          0          0          0       2248   mf_w.l

    ----------------------------------------------------------------------
      9518        386        584          4          0       6144   Library Totals

    ----------------------------------------------------------------------

==============================================================================


      Code (inc. data)   RO Data    RW Data    ZI Data      Debug   

     85560       9440       1568        600      24504     602318   Grand Totals
     85560       9440       1568        132      24504     602318   ELF Image Totals (compressed)
     85560       9440       1568        132          0          0   ROM Totals

==============================================================================

    Total RO  Size (Code + RO Data)                87128 (  85.09kB)
    Total RW  Size (RW Data + ZI Data)             25104 (  24.52kB)
    Total ROM Size (Code + RO Data + RW Data)      87260 (  85.21kB)

==============================================================================

